This is XeTeX, Version 3.141592653-2.6-0.999995 (MiKTeX 24.1) (preloaded format=xelatex 2026.5.21)  11 JUN 2026 12:06
entering extended mode
 restricted \write18 enabled.
 %&-line parsing enabled.
**./main.tex
(main.tex
LaTeX2e <2023-11-01> patch level 1
L3 programming layer <2024-01-04>
(oup-authoring-template.cls
Document Class: oup-authoring-template 2025/11/17 1.2
(C:\Users\12860\AppData\Local\Programs\MiKTeX\tex/latex/crop\crop.sty
Package: crop 2017/11/19 1.10 crop marks (mf)

(C:\Users\12860\AppData\Local\Programs\MiKTeX\tex/generic/iftex\ifluatex.sty
Package: ifluatex 2019/10/25 v1.5 ifluatex legacy package. Use iftex instead.

(C:\Users\12860\AppData\Local\Programs\MiKTeX\tex/generic/iftex\iftex.sty
Package: iftex 2022/02/03 v1.0f TeX engine tests
))
\CROP@index=\count183

(C:\Users\12860\AppData\Local\Programs\MiKTeX\tex/latex/graphics\color.sty
Package: color 2022/01/06 v1.3d Standard LaTeX Color (DPC)

(C:\Users\12860\AppData\Local\Programs\MiKTeX\tex/latex/graphics-cfg\color.cfg
File: color.cfg 2016/01/02 v1.6 sample color configuration
)
Package color Info: Driver file: xetex.def on input line 149.
(C:\Users\12860\AppData\Local\Programs\MiKTeX\tex/latex/graphics-def\xetex.def
File: xetex.def 2022/09/22 v5.0n Graphics/color driver for xetex
) (C:\Users\12860\AppData\Local\Programs\MiKTeX\tex/latex/graphics\mathcolor.lt
x))
(C:\Users\12860\AppData\Local\Programs\MiKTeX\tex/latex/graphics\graphics.sty
Package: graphics 2022/03/10 v1.4e Standard LaTeX Graphics (DPC,SPQR)

(C:\Users\12860\AppData\Local\Programs\MiKTeX\tex/latex/graphics\trig.sty
Package: trig 2021/08/11 v1.11 sin cos tan (DPC)
)
(C:\Users\12860\AppData\Local\Programs\MiKTeX\tex/latex/graphics-cfg\graphics.c
fg
File: graphics.cfg 2016/06/04 v1.11 sample graphics configuration
)
Package graphics Info: Driver file: xetex.def on input line 107.
)
\CROP@offset=\count184
Package crop Info: Local config file crop.cfg used on input line 622.

(C:\Users\12860\AppData\Local\Programs\MiKTeX\tex/xelatex/xetexconfig\crop.cfg)
) (C:\Users\12860\AppData\Local\Programs\MiKTeX\tex/latex/graphics\graphicx.sty
Package: graphicx 2021/09/16 v1.2d Enhanced LaTeX Graphics (DPC,SPQR)
(C:\Users\12860\AppData\Local\Programs\MiKTeX\tex/latex/graphics\keyval.sty
Package: keyval 2022/05/29 v1.15 key=value parser (DPC)
\KV@toks@=\toks17
)
\Gin@req@height=\dimen140
\Gin@req@width=\dimen141
)
(C:\Users\12860\AppData\Local\Programs\MiKTeX\tex/latex/caption\caption.sty
Package: caption 2023/08/05 v3.6o Customizing captions (AR)

(C:\Users\12860\AppData\Local\Programs\MiKTeX\tex/latex/caption\caption3.sty
Package: caption3 2023/07/31 v2.4d caption3 kernel (AR)
\caption@tempdima=\dimen142
\captionmargin=\dimen143
\caption@leftmargin=\dimen144
\caption@rightmargin=\dimen145
\caption@width=\dimen146
\caption@indent=\dimen147
\caption@parindent=\dimen148
\caption@hangindent=\dimen149
\abovecaptionskip=\skip48
\belowcaptionskip=\skip49
Package caption Info: Document class w/o caption stuff detected.
)
\c@caption@flags=\count185
\c@continuedfloat=\count186
)
(C:\Users\12860\AppData\Local\Programs\MiKTeX\tex/latex/amsmath\amsmath.sty
Package: amsmath 2023/05/13 v2.17o AMS math features
\@mathmargin=\skip50

For additional information on amsmath, use the `?' option.
(C:\Users\12860\AppData\Local\Programs\MiKTeX\tex/latex/amsmath\amstext.sty
Package: amstext 2021/08/26 v2.01 AMS text

(C:\Users\12860\AppData\Local\Programs\MiKTeX\tex/latex/amsmath\amsgen.sty
File: amsgen.sty 1999/11/30 v2.0 generic functions
\@emptytoks=\toks18
\ex@=\dimen150
))
(C:\Users\12860\AppData\Local\Programs\MiKTeX\tex/latex/amsmath\amsbsy.sty
Package: amsbsy 1999/11/29 v1.2d Bold Symbols
\pmbraise@=\dimen151
)
(C:\Users\12860\AppData\Local\Programs\MiKTeX\tex/latex/amsmath\amsopn.sty
Package: amsopn 2022/04/08 v2.04 operator names
)
\inf@bad=\count187
LaTeX Info: Redefining \frac on input line 234.
\uproot@=\count188
\leftroot@=\count189
LaTeX Info: Redefining \overline on input line 399.
LaTeX Info: Redefining \colon on input line 410.
\classnum@=\count190
\DOTSCASE@=\count191
LaTeX Info: Redefining \ldots on input line 496.
LaTeX Info: Redefining \dots on input line 499.
LaTeX Info: Redefining \cdots on input line 620.
\Mathstrutbox@=\box51
\strutbox@=\box52
LaTeX Info: Redefining \big on input line 722.
LaTeX Info: Redefining \Big on input line 723.
LaTeX Info: Redefining \bigg on input line 724.
LaTeX Info: Redefining \Bigg on input line 725.
\big@size=\dimen152
LaTeX Font Info:    Redeclaring font encoding OML on input line 743.
LaTeX Font Info:    Redeclaring font encoding OMS on input line 744.
\macc@depth=\count192
LaTeX Info: Redefining \bmod on input line 905.
LaTeX Info: Redefining \pmod on input line 910.
LaTeX Info: Redefining \smash on input line 940.
LaTeX Info: Redefining \relbar on input line 970.
LaTeX Info: Redefining \Relbar on input line 971.
\c@MaxMatrixCols=\count193
\dotsspace@=\muskip16
\c@parentequation=\count194
\dspbrk@lvl=\count195
\tag@help=\toks19
\row@=\count196
\column@=\count197
\maxfields@=\count198
\andhelp@=\toks20
\eqnshift@=\dimen153
\alignsep@=\dimen154
\tagshift@=\dimen155
\tagwidth@=\dimen156
\totwidth@=\dimen157
\lineht@=\dimen158
\@envbody=\toks21
\multlinegap=\skip51
\multlinetaggap=\skip52
\mathdisplay@stack=\toks22
LaTeX Info: Redefining \[ on input line 2953.
LaTeX Info: Redefining \] on input line 2954.
)
(C:\Users\12860\AppData\Local\Programs\MiKTeX\tex/latex/tools\array.sty
Package: array 2023/10/16 v2.5g Tabular extension package (FMi)
\col@sep=\dimen159
\ar@mcellbox=\box53
\extrarowheight=\dimen160
\NC@list=\toks23
\extratabsurround=\skip53
\backup@length=\skip54
\ar@cellbox=\box54
)
(C:\Users\12860\AppData\Local\Programs\MiKTeX\tex/latex/xcolor\xcolor.sty
Package: xcolor 2023/11/15 v3.01 LaTeX color extensions (UK)

(C:\Users\12860\AppData\Local\Programs\MiKTeX\tex/latex/graphics-cfg\color.cfg
File: color.cfg 2016/01/02 v1.6 sample color configuration
)
Package xcolor Info: Driver file: xetex.def on input line 274.
LaTeX Info: Redefining \color on input line 758.
(C:\Users\12860\AppData\Local\Programs\MiKTeX\tex/latex/graphics\mathcolor.ltx)
Package xcolor Info: Model `cmy' substituted by `cmy0' on input line 1350.
Package xcolor Info: Model `RGB' extended on input line 1366.
Package xcolor Info: Model `HTML' substituted by `rgb' on input line 1368.
Package xcolor Info: Model `Hsb' substituted by `hsb' on input line 1369.
Package xcolor Info: Model `tHsb' substituted by `hsb' on input line 1370.
Package xcolor Info: Model `HSB' substituted by `hsb' on input line 1371.
Package xcolor Info: Model `Gray' substituted by `gray' on input line 1372.
Package xcolor Info: Model `wave' substituted by `hsb' on input line 1373.
) (C:\Users\12860\AppData\Local\Programs\MiKTeX\tex/latex/amsfonts\amssymb.sty
Package: amssymb 2013/01/14 v3.01 AMS font symbols

(C:\Users\12860\AppData\Local\Programs\MiKTeX\tex/latex/amsfonts\amsfonts.sty
Package: amsfonts 2013/01/14 v3.01 Basic AMSFonts support
\symAMSa=\mathgroup4
\symAMSb=\mathgroup5
LaTeX Font Info:    Redeclaring math symbol \hbar on input line 98.
LaTeX Font Info:    Overwriting math alphabet `\mathfrak' in version `bold'
(Font)                  U/euf/m/n --> U/euf/b/n on input line 106.
)) (C:\Users\12860\AppData\Local\Programs\MiKTeX\tex/latex/sttools\flushend.sty


LaTeX Warning: You have requested release `2025/06/01' of LaTeX,
               but only release `2023-11-01' is available.

Package: flushend 2025/06/18 v4.3 Balancing columns in twocolumn mode (ST)
\flushend@@lastskip@a=\skip55
\flushend@@lastskip@b=\skip56
\flushend@@lastnode=\count199
\var@@loop@iter=\count266
\var@@temp@spread=\dimen161
\var@@temp@a=\dimen162
\var@@temp@loop=\dimen163
\flushend@@page@rule=\dimen164
\flushend@@varbox@lastpage=\box55
\flushend@@varbox@a=\box56
\flushend@@varbox@c=\box57
\flushend@@tempbox@a=\box58
\flushend@@tempbox@c=\box59
\flushend@@floatbox=\box60
\@viper=\box61
\hold@viper=\box62
\atColsBreak=\toks24
\atColsEnd=\toks25
\oldbreak@skip=\dimen165
) (C:\Users\12860\AppData\Local\Programs\MiKTeX\tex/latex/sttools\stfloats.sty
Package: stfloats 2025/06/18 v3.4 Improve float mechanism and baselineskip sett
ings
\@dblbotnum=\count267
\c@dblbotnumber=\count268
) (C:\Users\12860\AppData\Local\Programs\MiKTeX\tex/latex/graphics\rotating.sty
Package: rotating 2016/08/11 v2.16d rotated objects in LaTeX

(C:\Users\12860\AppData\Local\Programs\MiKTeX\tex/latex/base\ifthen.sty
Package: ifthen 2022/04/13 v1.1d Standard LaTeX ifthen package (DPC)
)
\c@r@tfl@t=\count269
\rotFPtop=\skip57
\rotFPbot=\skip58
\rot@float@box=\box63
\rot@mess@toks=\toks26
)
(C:\Users\12860\AppData\Local\Programs\MiKTeX\tex/latex/changepage\chngpage.sty
Package: chngpage 2009/10/20 v1.2b change page layout
\c@cp@cnt=\count270
\c@cp@tempcnt=\count271
) (C:\Users\12860\AppData\Local\Programs\MiKTeX\tex/latex/totcount\totcount.sty
Package: totcount 2011/01/25 v1.2 package for gettingthe total value of LaTeX c
ounters
) (C:\Users\12860\AppData\Local\Programs\MiKTeX\tex/latex/base\fix-cm.sty
Package: fix-cm 2020/11/24 v1.1t fixes to LaTeX

(C:\Users\12860\AppData\Local\Programs\MiKTeX\tex/latex/base\ts1enc.def
File: ts1enc.def 2001/06/05 v3.0e (jk/car/fm) Standard LaTeX file
LaTeX Font Info:    Redeclaring font encoding TS1 on input line 47.
))
(C:\Users\12860\AppData\Local\Programs\MiKTeX\tex/latex/footmisc\footmisc.sty
Package: footmisc 2025/05/09 v7.0b a miscellany of footnote facilities

(C:\Users\12860\AppData\Local\Programs\MiKTeX\tex/latex/footmisc\footmisc-2022-
02-14.sty
Package: footmisc 2024/12/24 v6.0g a miscellany of footnote facilities
\FN@temptoken=\toks27
\footnotemargin=\dimen166
\@outputbox@depth=\dimen167
Package footmisc Info: Declaring symbol style bringhurst on input line 699.
Package footmisc Info: Declaring symbol style chicago on input line 707.
Package footmisc Info: Declaring symbol style wiley on input line 716.
Package footmisc Info: Declaring symbol style lamport-robust on input line 727.

Package footmisc Info: Declaring symbol style lamport* on input line 747.
Package footmisc Info: Declaring symbol style lamport*-robust on input line 768
.
))
\croppaperwidth=\dimen168
\croppaperheight=\dimen169
\Croppdfwidth=\dimen170
\Croppdfheight=\dimen171
\Trimpdfwidth=\dimen172
\Trimpdfheight=\dimen173
\CP@toff@wd=\dimen174
\CP@toff@ht=\dimen175
\CP@boff@wd=\dimen176
\CP@boff@ht=\dimen177
\CP@crop@wd=\dimen178
\CP@crop@ht=\dimen179
\CP@bled@wd=\dimen180
\CP@bled@ht=\dimen181
\CP@trim@wd=\dimen182
\CP@trim@ht=\dimen183
\c@section=\count272
\c@subsection=\count273
\c@subsubsection=\count274
\c@paragraph=\count275
\c@subparagraph=\count276
\c@figure=\count277
\c@table=\count278
\dropfromtop=\skip59
\c@myauthcount=\count279
\c@myauthcount@totc=\count280
\c@myhistorycount=\count281
\c@myhistorycount@totc=\count282
\c@myaddcount=\count283
\c@myaddcount@totc=\count284
\extraspace=\skip60
\currentpageno=\count285
\aboveskipchk=\skip61
\titlepagewd=\skip62

(C:\Users\12860\AppData\Local\Programs\MiKTeX\tex/latex/arydshln\arydshln.sty
Package: arydshln 2019/02/21 v1.76 
\dashlinedash=\dimen184
\dashlinegap=\dimen185
\adl@box=\box64
\adl@height=\dimen186
\adl@heightsave=\dimen187
\adl@depth=\dimen188
\adl@depthsave=\dimen189
\adl@finaldepth=\dimen190
\adl@columns=\count286
\adl@ncol=\count287
\adl@currentcolumn=\count288
\adl@currentcolumnsave=\count289
\adl@totalheight=\count290
\adl@totalheightsave=\count291
\adl@dash=\count292
\adl@gap=\count293
\adl@cla=\count294
\adl@clb=\count295
\adl@everyvbox=\toks28
\adl@LTpagetotal=\dimen191
)
\rotdimen=\dimen192
\tempdime=\dimen193
\temptbox=\box65

(C:\Users\12860\AppData\Local\Programs\MiKTeX\tex/latex/natbib\natbib.sty
Package: natbib 2010/09/13 8.31b (PWD, AO)
\bibhang=\skip63
\bibsep=\skip64
LaTeX Info: Redefining \cite on input line 694.
\c@NAT@ctr=\count296
)
(C:\Users\12860\AppData\Local\Programs\MiKTeX\tex/latex/wrapfig\wrapfig.sty
\wrapoverhang=\dimen194
\WF@size=\dimen195
\c@WF@wrappedlines=\count297
\WF@box=\box66
\WF@everypar=\toks29
Package: wrapfig 2003/01/31  v 3.6
)
\wraplines=\count298
\@authorfigbox=\box67
\@authorfigboxdim=\skip65
\biofigadjskip=\skip66

(C:\Users\12860\AppData\Local\Programs\MiKTeX\tex/latex/amscls\amsthm.sty
Package: amsthm 2020/05/29 v2.20.6
\thm@style=\toks30
\thm@bodyfont=\toks31
\thm@headfont=\toks32
\thm@notefont=\toks33
\thm@headpunct=\toks34
\thm@preskip=\skip67
\thm@postskip=\skip68
\thm@headsep=\skip69
\dth@everypar=\toks35
)
(C:\Users\12860\AppData\Local\Programs\MiKTeX\tex/latex/subfloat\subfloat.sty
Package: subfloat 2003/08/21 version 2.14

Package `subfloat', Version 2.14 of 2003/08/21.
\c@subfloatfiguremax=\count299
\c@subfloattablemax=\count300
)
(C:\Users\12860\AppData\Local\Programs\MiKTeX\tex/latex/multirow\multirow.sty
Package: multirow 2024/11/12 v2.9 Span multiple rows of a table
\multirow@colwidth=\skip70
\multirow@cntb=\count301
\multirow@dima=\skip71
\bigstrutjot=\dimen196
)
(C:\Users\12860\AppData\Local\Programs\MiKTeX\tex/latex/mdwtools\footnote.sty
Package: footnote 1997/01/28 1.13 Save footnotes around boxes
\fn@notes=\box68
\fn@width=\dimen197
)
(C:\Users\12860\AppData\Local\Programs\MiKTeX\tex/latex/url\url.sty
\Urlmuskip=\muskip17
Package: url 2013/09/16  ver 3.4  Verb mode for urls, etc.
)
(C:\Users\12860\AppData\Local\Programs\MiKTeX\tex/latex/jknappen\mathrsfs.sty
Package: mathrsfs 1996/01/01 Math RSFS package v1.0 (jk)
\symrsfs=\mathgroup6
)
(C:\Users\12860\AppData\Local\Programs\MiKTeX\tex/latex/algorithms\algorithm.st
y
Invalid UTF-8 byte or sequence at line 11 replaced by U+FFFD.
Package: algorithm 2009/08/24 v0.1 Document Style `algorithm' - floating enviro
nment
 (C:\Users\12860\AppData\Local\Programs\MiKTeX\tex/latex/float\float.sty
Package: float 2001/11/08 v1.3d Float enhancements (AL)
\c@float@type=\count302
\float@exts=\toks36
\float@box=\box69
\@float@everytoks=\toks37
\@floatcapt=\box70
)
\@float@every@algorithm=\toks38
\c@algorithm=\count303
)
(C:\Users\12860\AppData\Local\Programs\MiKTeX\tex/latex/algorithmicx\algorithmi
cx.sty
Package: algorithmicx 2005/04/27 v1.2 Algorithmicx

Document Style algorithmicx 1.2 - a greatly improved `algorithmic' style
\c@ALG@line=\count304
\c@ALG@rem=\count305
\c@ALG@nested=\count306
\ALG@tlm=\skip72
\ALG@thistlm=\skip73
\c@ALG@Lnr=\count307
\c@ALG@blocknr=\count308
\c@ALG@storecount=\count309
\c@ALG@tmpcounter=\count310
\ALG@tmplength=\skip74
)
(C:\Users\12860\AppData\Local\Programs\MiKTeX\tex/latex/algorithmicx\algpseudoc
ode.sty
Package: algpseudocode 

Document Style - pseudocode environments for use with the `algorithmicx' style
) (C:\Users\12860\AppData\Local\Programs\MiKTeX\tex/latex/listings\listings.sty
\lst@mode=\count311
\lst@gtempboxa=\box71
\lst@token=\toks39
\lst@length=\count312
\lst@currlwidth=\dimen198
\lst@column=\count313
\lst@pos=\count314
\lst@lostspace=\dimen199
\lst@width=\dimen256
\lst@newlines=\count315
\lst@lineno=\count316
\lst@maxwidth=\dimen257
(C:\Users\12860\AppData\Local\Programs\MiKTeX\tex/latex/listings\lstmisc.sty
File: lstmisc.sty 2023/02/27 1.9 (Carsten Heinz)
\c@lstnumber=\count317
\lst@skipnumbers=\count318
\lst@framebox=\box72
)
(C:\Users\12860\AppData\Local\Programs\MiKTeX\tex/latex/listings\listings.cfg
File: listings.cfg 2023/02/27 1.9 listings configuration
))
Package: listings 2023/02/27 1.9 (Carsten Heinz)
\c@@pps=\count319
\c@@ppsavesec=\count320
\c@@ppsaveapp=\count321
(C:\Users\12860\AppData\Local\Programs\MiKTeX\tex/latex/hyperref\hyperref.sty
Package: hyperref 2023-11-26 v7.01g Hypertext links for LaTeX

(C:\Users\12860\AppData\Local\Programs\MiKTeX\tex/generic/infwarerr\infwarerr.s
ty
Package: infwarerr 2019/12/03 v1.5 Providing info/warning/error messages (HO)
)
(C:\Users\12860\AppData\Local\Programs\MiKTeX\tex/latex/kvsetkeys\kvsetkeys.sty
Package: kvsetkeys 2022-10-05 v1.19 Key value parser (HO)
)
(C:\Users\12860\AppData\Local\Programs\MiKTeX\tex/generic/kvdefinekeys\kvdefine
keys.sty
Package: kvdefinekeys 2019-12-19 v1.6 Define keys (HO)
)
(C:\Users\12860\AppData\Local\Programs\MiKTeX\tex/generic/pdfescape\pdfescape.s
ty
Package: pdfescape 2019/12/09 v1.15 Implements pdfTeX's escape features (HO)

(C:\Users\12860\AppData\Local\Programs\MiKTeX\tex/generic/ltxcmds\ltxcmds.sty
Package: ltxcmds 2023-12-04 v1.26 LaTeX kernel commands for general use (HO)
)
(C:\Users\12860\AppData\Local\Programs\MiKTeX\tex/generic/pdftexcmds\pdftexcmds
.sty
Package: pdftexcmds 2020-06-27 v0.33 Utility functions of pdfTeX for LuaTeX (HO
)
Package pdftexcmds Info: \pdf@primitive is available.
Package pdftexcmds Info: \pdf@ifprimitive is available.
Package pdftexcmds Info: \pdfdraftmode not found.
))
(C:\Users\12860\AppData\Local\Programs\MiKTeX\tex/latex/hycolor\hycolor.sty
Package: hycolor 2020-01-27 v1.10 Color options for hyperref/bookmark (HO)
)
(C:\Users\12860\AppData\Local\Programs\MiKTeX\tex/latex/letltxmacro\letltxmacro
.sty
Package: letltxmacro 2019/12/03 v1.6 Let assignment for LaTeX macros (HO)
)
(C:\Users\12860\AppData\Local\Programs\MiKTeX\tex/latex/auxhook\auxhook.sty
Package: auxhook 2019-12-17 v1.6 Hooks for auxiliary files (HO)
)
(C:\Users\12860\AppData\Local\Programs\MiKTeX\tex/latex/hyperref\nameref.sty
Package: nameref 2023-11-26 v2.56 Cross-referencing by name of section

(C:\Users\12860\AppData\Local\Programs\MiKTeX\tex/latex/refcount\refcount.sty
Package: refcount 2019/12/15 v3.6 Data extraction from label references (HO)
)
(C:\Users\12860\AppData\Local\Programs\MiKTeX\tex/generic/gettitlestring\gettit
lestring.sty
Package: gettitlestring 2019/12/15 v1.6 Cleanup title references (HO)

(C:\Users\12860\AppData\Local\Programs\MiKTeX\tex/latex/kvoptions\kvoptions.sty
Package: kvoptions 2022-06-15 v3.15 Key value format for package options (HO)
))
\c@section@level=\count322
)
(C:\Users\12860\AppData\Local\Programs\MiKTeX\tex/latex/etoolbox\etoolbox.sty
Package: etoolbox 2020/10/05 v2.5k e-TeX tools for LaTeX (JAW)
\etb@tempcnta=\count323
)
\@linkdim=\dimen258
\Hy@linkcounter=\count324
\Hy@pagecounter=\count325

(C:\Users\12860\AppData\Local\Programs\MiKTeX\tex/latex/hyperref\pd1enc.def
File: pd1enc.def 2023-11-26 v7.01g Hyperref: PDFDocEncoding definition (HO)
)
(C:\Users\12860\AppData\Local\Programs\MiKTeX\tex/generic/intcalc\intcalc.sty
Package: intcalc 2019/12/15 v1.3 Expandable calculations with integers (HO)
)
\Hy@SavedSpaceFactor=\count326

(C:\Users\12860\AppData\Local\Programs\MiKTeX\tex/latex/hyperref\puenc.def
File: puenc.def 2023-11-26 v7.01g Hyperref: PDF Unicode definition (HO)
)
Package hyperref Info: Hyper figures OFF on input line 4181.
Package hyperref Info: Link nesting OFF on input line 4186.
Package hyperref Info: Hyper index ON on input line 4189.
Package hyperref Info: Plain pages OFF on input line 4196.
Package hyperref Info: Backreferencing OFF on input line 4201.
Package hyperref Info: Implicit mode ON; LaTeX internals redefined.
Package hyperref Info: Bookmarks ON on input line 4448.
\c@Hy@tempcnt=\count327
LaTeX Info: Redefining \url on input line 4786.
\XeTeXLinkMargin=\dimen259

(C:\Users\12860\AppData\Local\Programs\MiKTeX\tex/generic/bitset\bitset.sty
Package: bitset 2019/12/09 v1.3 Handle bit-vector datatype (HO)

(C:\Users\12860\AppData\Local\Programs\MiKTeX\tex/generic/bigintcalc\bigintcalc
.sty
Package: bigintcalc 2019/12/15 v1.5 Expandable calculations on big integers (HO
)
))
\Fld@menulength=\count328
\Field@Width=\dimen260
\Fld@charsize=\dimen261
Package hyperref Info: Hyper figures OFF on input line 6065.
Package hyperref Info: Link nesting OFF on input line 6070.
Package hyperref Info: Hyper index ON on input line 6073.
Package hyperref Info: backreferencing OFF on input line 6080.
Package hyperref Info: Link coloring OFF on input line 6085.
Package hyperref Info: Link coloring with OCG OFF on input line 6090.
Package hyperref Info: PDF/A mode OFF on input line 6095.

(C:\Users\12860\AppData\Local\Programs\MiKTeX\tex/latex/base\atbegshi-ltx.sty
Package: atbegshi-ltx 2021/01/10 v1.0c Emulation of the original atbegshi
package with kernel methods
)
\Hy@abspage=\count329
\c@Item=\count330
\c@Hfootnote=\count331
)
Package hyperref Info: Driver (autodetected): hxetex.
(C:\Users\12860\AppData\Local\Programs\MiKTeX\tex/latex/hyperref\hxetex.def
File: hxetex.def 2023-11-26 v7.01g Hyperref driver for XeTeX

(C:\Users\12860\AppData\Local\Programs\MiKTeX\tex/generic/stringenc\stringenc.s
ty
Package: stringenc 2019/11/29 v1.12 Convert strings between diff. encodings (HO
)
)
\pdfm@box=\box73
\c@Hy@AnnotLevel=\count332
\HyField@AnnotCount=\count333
\Fld@listcount=\count334
\c@bookmark@seq@number=\count335

(C:\Users\12860\AppData\Local\Programs\MiKTeX\tex/latex/rerunfilecheck\rerunfil
echeck.sty
Package: rerunfilecheck 2025-06-21 v1.11 Rerun checks for auxiliary files (HO)

(C:\Users\12860\AppData\Local\Programs\MiKTeX\tex/generic/uniquecounter\uniquec
ounter.sty
Package: uniquecounter 2019/12/15 v1.4 Provide unlimited unique counter (HO)
)
Package uniquecounter Info: New unique counter `rerunfilecheck' on input line 2
84.
)
\Hy@SectionHShift=\skip75
)
(C:\Users\12860\AppData\Local\Programs\MiKTeX\tex/latex/pgf/frontendlayer\tikz.
sty
(C:\Users\12860\AppData\Local\Programs\MiKTeX\tex/latex/pgf/basiclayer\pgf.sty
(C:\Users\12860\AppData\Local\Programs\MiKTeX\tex/latex/pgf/utilities\pgfrcs.st
y
(C:\Users\12860\AppData\Local\Programs\MiKTeX\tex/generic/pgf/utilities\pgfutil
-common.tex
\pgfutil@everybye=\toks40
\pgfutil@tempdima=\dimen262
\pgfutil@tempdimb=\dimen263
)
(C:\Users\12860\AppData\Local\Programs\MiKTeX\tex/generic/pgf/utilities\pgfutil
-latex.def
\pgfutil@abb=\box74
)
(C:\Users\12860\AppData\Local\Programs\MiKTeX\tex/generic/pgf/utilities\pgfrcs.
code.tex
(C:\Users\12860\AppData\Local\Programs\MiKTeX\tex/generic/pgf\pgf.revision.tex)
Package: pgfrcs 2023-01-15 v3.1.10 (3.1.10)
))
Package: pgf 2023-01-15 v3.1.10 (3.1.10)

(C:\Users\12860\AppData\Local\Programs\MiKTeX\tex/latex/pgf/basiclayer\pgfcore.
sty
(C:\Users\12860\AppData\Local\Programs\MiKTeX\tex/latex/pgf/systemlayer\pgfsys.
sty
(C:\Users\12860\AppData\Local\Programs\MiKTeX\tex/generic/pgf/systemlayer\pgfsy
s.code.tex
Package: pgfsys 2023-01-15 v3.1.10 (3.1.10)

(C:\Users\12860\AppData\Local\Programs\MiKTeX\tex/generic/pgf/utilities\pgfkeys
.code.tex
\pgfkeys@pathtoks=\toks41
\pgfkeys@temptoks=\toks42

(C:\Users\12860\AppData\Local\Programs\MiKTeX\tex/generic/pgf/utilities\pgfkeys
libraryfiltered.code.tex
\pgfkeys@tmptoks=\toks43
))
\pgf@x=\dimen264
\pgf@y=\dimen265
\pgf@xa=\dimen266
\pgf@ya=\dimen267
\pgf@xb=\dimen268
\pgf@yb=\dimen269
\pgf@xc=\dimen270
\pgf@yc=\dimen271
\pgf@xd=\dimen272
\pgf@yd=\dimen273
\w@pgf@writea=\write3
\r@pgf@reada=\read2
\c@pgf@counta=\count336
\c@pgf@countb=\count337
\c@pgf@countc=\count338
\c@pgf@countd=\count339
\t@pgf@toka=\toks44
\t@pgf@tokb=\toks45
\t@pgf@tokc=\toks46
\pgf@sys@id@count=\count340

(C:\Users\12860\AppData\Local\Programs\MiKTeX\tex/generic/pgf/systemlayer\pgf.c
fg
File: pgf.cfg 2023-01-15 v3.1.10 (3.1.10)
)
Driver file for pgf: pgfsys-xetex.def

(C:\Users\12860\AppData\Local\Programs\MiKTeX\tex/generic/pgf/systemlayer\pgfsy
s-xetex.def
File: pgfsys-xetex.def 2023-01-15 v3.1.10 (3.1.10)

(C:\Users\12860\AppData\Local\Programs\MiKTeX\tex/generic/pgf/systemlayer\pgfsy
s-dvipdfmx.def
File: pgfsys-dvipdfmx.def 2023-01-15 v3.1.10 (3.1.10)

(C:\Users\12860\AppData\Local\Programs\MiKTeX\tex/generic/pgf/systemlayer\pgfsy
s-common-pdf.def
File: pgfsys-common-pdf.def 2023-01-15 v3.1.10 (3.1.10)
)
\pgfsys@objnum=\count341
)))
(C:\Users\12860\AppData\Local\Programs\MiKTeX\tex/generic/pgf/systemlayer\pgfsy
ssoftpath.code.tex
File: pgfsyssoftpath.code.tex 2023-01-15 v3.1.10 (3.1.10)
\pgfsyssoftpath@smallbuffer@items=\count342
\pgfsyssoftpath@bigbuffer@items=\count343
)
(C:\Users\12860\AppData\Local\Programs\MiKTeX\tex/generic/pgf/systemlayer\pgfsy
sprotocol.code.tex
File: pgfsysprotocol.code.tex 2023-01-15 v3.1.10 (3.1.10)
))
(C:\Users\12860\AppData\Local\Programs\MiKTeX\tex/generic/pgf/basiclayer\pgfcor
e.code.tex
Package: pgfcore 2023-01-15 v3.1.10 (3.1.10)

(C:\Users\12860\AppData\Local\Programs\MiKTeX\tex/generic/pgf/math\pgfmath.code
.tex
(C:\Users\12860\AppData\Local\Programs\MiKTeX\tex/generic/pgf/math\pgfmathutil.
code.tex)
(C:\Users\12860\AppData\Local\Programs\MiKTeX\tex/generic/pgf/math\pgfmathparse
r.code.tex
\pgfmath@dimen=\dimen274
\pgfmath@count=\count344
\pgfmath@box=\box75
\pgfmath@toks=\toks47
\pgfmath@stack@operand=\toks48
\pgfmath@stack@operation=\toks49
)
(C:\Users\12860\AppData\Local\Programs\MiKTeX\tex/generic/pgf/math\pgfmathfunct
ions.code.tex)
(C:\Users\12860\AppData\Local\Programs\MiKTeX\tex/generic/pgf/math\pgfmathfunct
ions.basic.code.tex)
(C:\Users\12860\AppData\Local\Programs\MiKTeX\tex/generic/pgf/math\pgfmathfunct
ions.trigonometric.code.tex)
(C:\Users\12860\AppData\Local\Programs\MiKTeX\tex/generic/pgf/math\pgfmathfunct
ions.random.code.tex)
(C:\Users\12860\AppData\Local\Programs\MiKTeX\tex/generic/pgf/math\pgfmathfunct
ions.comparison.code.tex)
(C:\Users\12860\AppData\Local\Programs\MiKTeX\tex/generic/pgf/math\pgfmathfunct
ions.base.code.tex)
(C:\Users\12860\AppData\Local\Programs\MiKTeX\tex/generic/pgf/math\pgfmathfunct
ions.round.code.tex)
(C:\Users\12860\AppData\Local\Programs\MiKTeX\tex/generic/pgf/math\pgfmathfunct
ions.misc.code.tex)
(C:\Users\12860\AppData\Local\Programs\MiKTeX\tex/generic/pgf/math\pgfmathfunct
ions.integerarithmetics.code.tex)
(C:\Users\12860\AppData\Local\Programs\MiKTeX\tex/generic/pgf/math\pgfmathcalc.
code.tex)
(C:\Users\12860\AppData\Local\Programs\MiKTeX\tex/generic/pgf/math\pgfmathfloat
.code.tex
\c@pgfmathroundto@lastzeros=\count345
))
(C:\Users\12860\AppData\Local\Programs\MiKTeX\tex/generic/pgf/math\pgfint.code.
tex)
(C:\Users\12860\AppData\Local\Programs\MiKTeX\tex/generic/pgf/basiclayer\pgfcor
epoints.code.tex
File: pgfcorepoints.code.tex 2023-01-15 v3.1.10 (3.1.10)
\pgf@picminx=\dimen275
\pgf@picmaxx=\dimen276
\pgf@picminy=\dimen277
\pgf@picmaxy=\dimen278
\pgf@pathminx=\dimen279
\pgf@pathmaxx=\dimen280
\pgf@pathminy=\dimen281
\pgf@pathmaxy=\dimen282
\pgf@xx=\dimen283
\pgf@xy=\dimen284
\pgf@yx=\dimen285
\pgf@yy=\dimen286
\pgf@zx=\dimen287
\pgf@zy=\dimen288
)
(C:\Users\12860\AppData\Local\Programs\MiKTeX\tex/generic/pgf/basiclayer\pgfcor
epathconstruct.code.tex
File: pgfcorepathconstruct.code.tex 2023-01-15 v3.1.10 (3.1.10)
\pgf@path@lastx=\dimen289
\pgf@path@lasty=\dimen290
)
(C:\Users\12860\AppData\Local\Programs\MiKTeX\tex/generic/pgf/basiclayer\pgfcor
epathusage.code.tex
File: pgfcorepathusage.code.tex 2023-01-15 v3.1.10 (3.1.10)
\pgf@shorten@end@additional=\dimen291
\pgf@shorten@start@additional=\dimen292
)
(C:\Users\12860\AppData\Local\Programs\MiKTeX\tex/generic/pgf/basiclayer\pgfcor
escopes.code.tex
File: pgfcorescopes.code.tex 2023-01-15 v3.1.10 (3.1.10)
\pgfpic=\box76
\pgf@hbox=\box77
\pgf@layerbox@main=\box78
\pgf@picture@serial@count=\count346
)
(C:\Users\12860\AppData\Local\Programs\MiKTeX\tex/generic/pgf/basiclayer\pgfcor
egraphicstate.code.tex
File: pgfcoregraphicstate.code.tex 2023-01-15 v3.1.10 (3.1.10)
\pgflinewidth=\dimen293
)
(C:\Users\12860\AppData\Local\Programs\MiKTeX\tex/generic/pgf/basiclayer\pgfcor
etransformations.code.tex
File: pgfcoretransformations.code.tex 2023-01-15 v3.1.10 (3.1.10)
\pgf@pt@x=\dimen294
\pgf@pt@y=\dimen295
\pgf@pt@temp=\dimen296
)
(C:\Users\12860\AppData\Local\Programs\MiKTeX\tex/generic/pgf/basiclayer\pgfcor
equick.code.tex
File: pgfcorequick.code.tex 2023-01-15 v3.1.10 (3.1.10)
)
(C:\Users\12860\AppData\Local\Programs\MiKTeX\tex/generic/pgf/basiclayer\pgfcor
eobjects.code.tex
File: pgfcoreobjects.code.tex 2023-01-15 v3.1.10 (3.1.10)
)
(C:\Users\12860\AppData\Local\Programs\MiKTeX\tex/generic/pgf/basiclayer\pgfcor
epathprocessing.code.tex
File: pgfcorepathprocessing.code.tex 2023-01-15 v3.1.10 (3.1.10)
)
(C:\Users\12860\AppData\Local\Programs\MiKTeX\tex/generic/pgf/basiclayer\pgfcor
earrows.code.tex
File: pgfcorearrows.code.tex 2023-01-15 v3.1.10 (3.1.10)
\pgfarrowsep=\dimen297
)
(C:\Users\12860\AppData\Local\Programs\MiKTeX\tex/generic/pgf/basiclayer\pgfcor
eshade.code.tex
File: pgfcoreshade.code.tex 2023-01-15 v3.1.10 (3.1.10)
\pgf@max=\dimen298
\pgf@sys@shading@range@num=\count347
\pgf@shadingcount=\count348
)
(C:\Users\12860\AppData\Local\Programs\MiKTeX\tex/generic/pgf/basiclayer\pgfcor
eimage.code.tex
File: pgfcoreimage.code.tex 2023-01-15 v3.1.10 (3.1.10)
)
(C:\Users\12860\AppData\Local\Programs\MiKTeX\tex/generic/pgf/basiclayer\pgfcor
eexternal.code.tex
File: pgfcoreexternal.code.tex 2023-01-15 v3.1.10 (3.1.10)
\pgfexternal@startupbox=\box79
)
(C:\Users\12860\AppData\Local\Programs\MiKTeX\tex/generic/pgf/basiclayer\pgfcor
elayers.code.tex
File: pgfcorelayers.code.tex 2023-01-15 v3.1.10 (3.1.10)
)
(C:\Users\12860\AppData\Local\Programs\MiKTeX\tex/generic/pgf/basiclayer\pgfcor
etransparency.code.tex
File: pgfcoretransparency.code.tex 2023-01-15 v3.1.10 (3.1.10)
)
(C:\Users\12860\AppData\Local\Programs\MiKTeX\tex/generic/pgf/basiclayer\pgfcor
epatterns.code.tex
File: pgfcorepatterns.code.tex 2023-01-15 v3.1.10 (3.1.10)
)
(C:\Users\12860\AppData\Local\Programs\MiKTeX\tex/generic/pgf/basiclayer\pgfcor
erdf.code.tex
File: pgfcorerdf.code.tex 2023-01-15 v3.1.10 (3.1.10)
)))
(C:\Users\12860\AppData\Local\Programs\MiKTeX\tex/generic/pgf/modules\pgfmodule
shapes.code.tex
File: pgfmoduleshapes.code.tex 2023-01-15 v3.1.10 (3.1.10)
\pgfnodeparttextbox=\box80
)
(C:\Users\12860\AppData\Local\Programs\MiKTeX\tex/generic/pgf/modules\pgfmodule
plot.code.tex
File: pgfmoduleplot.code.tex 2023-01-15 v3.1.10 (3.1.10)
)
(C:\Users\12860\AppData\Local\Programs\MiKTeX\tex/latex/pgf/compatibility\pgfco
mp-version-0-65.sty
Package: pgfcomp-version-0-65 2023-01-15 v3.1.10 (3.1.10)
\pgf@nodesepstart=\dimen299
\pgf@nodesepend=\dimen300
)
(C:\Users\12860\AppData\Local\Programs\MiKTeX\tex/latex/pgf/compatibility\pgfco
mp-version-1-18.sty
Package: pgfcomp-version-1-18 2023-01-15 v3.1.10 (3.1.10)
))
(C:\Users\12860\AppData\Local\Programs\MiKTeX\tex/latex/pgf/utilities\pgffor.st
y
(C:\Users\12860\AppData\Local\Programs\MiKTeX\tex/latex/pgf/utilities\pgfkeys.s
ty
(C:\Users\12860\AppData\Local\Programs\MiKTeX\tex/generic/pgf/utilities\pgfkeys
.code.tex))
(C:\Users\12860\AppData\Local\Programs\MiKTeX\tex/latex/pgf/math\pgfmath.sty
(C:\Users\12860\AppData\Local\Programs\MiKTeX\tex/generic/pgf/math\pgfmath.code
.tex))
(C:\Users\12860\AppData\Local\Programs\MiKTeX\tex/generic/pgf/utilities\pgffor.
code.tex
Package: pgffor 2023-01-15 v3.1.10 (3.1.10)
\pgffor@iter=\dimen301
\pgffor@skip=\dimen302
\pgffor@stack=\toks50
\pgffor@toks=\toks51
))
(C:\Users\12860\AppData\Local\Programs\MiKTeX\tex/generic/pgf/frontendlayer/tik
z\tikz.code.tex
Package: tikz 2023-01-15 v3.1.10 (3.1.10)

(C:\Users\12860\AppData\Local\Programs\MiKTeX\tex/generic/pgf/libraries\pgflibr
aryplothandlers.code.tex
File: pgflibraryplothandlers.code.tex 2023-01-15 v3.1.10 (3.1.10)
\pgf@plot@mark@count=\count349
\pgfplotmarksize=\dimen303
)
\tikz@lastx=\dimen304
\tikz@lasty=\dimen305
\tikz@lastxsaved=\dimen306
\tikz@lastysaved=\dimen307
\tikz@lastmovetox=\dimen308
\tikz@lastmovetoy=\dimen309
\tikzleveldistance=\dimen310
\tikzsiblingdistance=\dimen311
\tikz@figbox=\box81
\tikz@figbox@bg=\box82
\tikz@tempbox=\box83
\tikz@tempbox@bg=\box84
\tikztreelevel=\count350
\tikznumberofchildren=\count351
\tikznumberofcurrentchild=\count352
\tikz@fig@count=\count353

(C:\Users\12860\AppData\Local\Programs\MiKTeX\tex/generic/pgf/modules\pgfmodule
matrix.code.tex
File: pgfmodulematrix.code.tex 2023-01-15 v3.1.10 (3.1.10)
\pgfmatrixcurrentrow=\count354
\pgfmatrixcurrentcolumn=\count355
\pgf@matrix@numberofcolumns=\count356
)
\tikz@expandcount=\count357

(C:\Users\12860\AppData\Local\Programs\MiKTeX\tex/generic/pgf/frontendlayer/tik
z/libraries\tikzlibrarytopaths.code.tex
File: tikzlibrarytopaths.code.tex 2023-01-15 v3.1.10 (3.1.10)
)))
(C:\Users\12860\AppData\Local\Programs\MiKTeX\tex/generic/pgf/frontendlayer/tik
z/libraries\tikzlibrarysvg.path.code.tex
File: tikzlibrarysvg.path.code.tex 2023-01-15 v3.1.10 (3.1.10)

(C:\Users\12860\AppData\Local\Programs\MiKTeX\tex/generic/pgf/libraries\pgflibr
arysvg.path.code.tex
File: pgflibrarysvg.path.code.tex 2023-01-15 v3.1.10 (3.1.10)

(C:\Users\12860\AppData\Local\Programs\MiKTeX\tex/generic/pgf/modules\pgfmodule
parser.code.tex
File: pgfmoduleparser.code.tex 2023-01-15 v3.1.10 (3.1.10)
\pgfparserdef@arg@count=\count358
)
\pgf@lib@svg@last@x=\dimen312
\pgf@lib@svg@last@y=\dimen313
\pgf@lib@svg@last@c@x=\dimen314
\pgf@lib@svg@last@c@y=\dimen315
\pgf@lib@svg@count=\count359
\pgf@lib@svg@max@num=\count360
))
(C:\Users\12860\AppData\Local\Programs\MiKTeX\tex/generic/pgf/frontendlayer/tik
z/libraries\tikzlibrarydecorations.markings.code.tex
(C:\Users\12860\AppData\Local\Programs\MiKTeX\tex/generic/pgf/frontendlayer/tik
z/libraries\tikzlibrarydecorations.code.tex
(C:\Users\12860\AppData\Local\Programs\MiKTeX\tex/generic/pgf/modules\pgfmodule
decorations.code.tex
\pgfdecoratedcompleteddistance=\dimen316
\pgfdecoratedremainingdistance=\dimen317
\pgfdecoratedinputsegmentcompleteddistance=\dimen318
\pgfdecoratedinputsegmentremainingdistance=\dimen319
\pgf@decorate@distancetomove=\dimen320
\pgf@decorate@repeatstate=\count361
\pgfdecorationsegmentamplitude=\dimen321
\pgfdecorationsegmentlength=\dimen322
)
\tikz@lib@dec@box=\box85
)
(C:\Users\12860\AppData\Local\Programs\MiKTeX\tex/generic/pgf/libraries/decorat
ions\pgflibrarydecorations.markings.code.tex))
\@curXheight=\skip76
\c@boxnumcnt=\count362

(C:\Users\12860\AppData\Local\Programs\MiKTeX\tex/latex/silence\silence.sty
Package: silence 2012/07/02 v1.5b Selective filtering of warnings and error mes
sages
\sl@Save=\count363
\sl@StateNumber=\count364
\sl@MessageCount=\count365
\sl@Casualties=\count366
\sl@Filter=\toks52
\sl@Message=\toks53
\sl@UnexpandedMessage=\toks54
\sl@Mess@ge=\toks55
\sl@WarningCount=\count367
\sl@WarningNumber=\count368
\sl@WarningCasualties=\count369
\sl@TempBOW=\toks56
\sl@BankOfWarnings=\toks57
LaTeX Info: Redefining \GenericWarning on input line 433.
\sl@ErrorCount=\count370
\sl@ErrorNumber=\count371
\sl@ErrorCasualties=\count372
\sl@TempBOE=\toks58
\sl@BankOfErrors=\toks59
LaTeX Info: Redefining \GenericError on input line 601.
)
runsystem(texcount -total -inc main.tex > wordcount.txt)...disabled (restricted
).

)
(C:\Users\12860\AppData\Local\Programs\MiKTeX\tex/latex/tools\longtable.sty
Package: longtable 2023-11-01 v4.19 Multi-page Table package (DPC)
\LTleft=\skip77
\LTright=\skip78
\LTpre=\skip79
\LTpost=\skip80
\LTchunksize=\count373
\LTcapwidth=\dimen323
\LT@head=\box86
\LT@firsthead=\box87
\LT@foot=\box88
\LT@lastfoot=\box89
\LT@gbox=\box90
\LT@cols=\count374
\LT@rows=\count375
\c@LT@tables=\count376
\c@LT@chunks=\count377
\LT@p@ftn=\toks60
)
(C:\Users\12860\AppData\Local\Programs\MiKTeX\tex/latex/tcolorbox\tcolorbox.sty
Package: tcolorbox 2024/01/10 version 6.2.0 text color boxes
(C:\Users\12860\AppData\Local\Programs\MiKTeX\tex/latex/tools\verbatim.sty
Package: verbatim 2023-11-06 v1.5v LaTeX2e package for verbatim enhancements
\every@verbatim=\toks61
\verbatim@line=\toks62
\verbatim@in@stream=\read3
)
(C:\Users\12860\AppData\Local\Programs\MiKTeX\tex/latex/environ\environ.sty
Package: environ 2014/05/04 v0.3 A new way to define environments

(C:\Users\12860\AppData\Local\Programs\MiKTeX\tex/latex/trimspaces\trimspaces.s
ty
Package: trimspaces 2009/09/17 v1.1 Trim spaces around a token list
))
\tcb@titlebox=\box91
\tcb@upperbox=\box92
\tcb@lowerbox=\box93
\tcb@phantombox=\box94
\c@tcbbreakpart=\count378
\c@tcblayer=\count379
\c@tcolorbox@number=\count380
\l__tcobox_tmpa_box=\box95
\l__tcobox_tmpa_dim=\dimen324
\tcb@temp=\box96
\tcb@temp=\box97
\tcb@temp=\box98
\tcb@temp=\box99
)
(C:\Users\12860\AppData\Local\Programs\MiKTeX\tex/latex/booktabs\booktabs.sty
Package: booktabs 2020/01/12 v1.61803398 Publication quality tables
\heavyrulewidth=\dimen325
\lightrulewidth=\dimen326
\cmidrulewidth=\dimen327
\belowrulesep=\dimen328
\belowbottomsep=\dimen329
\aboverulesep=\dimen330
\abovetopsep=\dimen331
\cmidrulesep=\dimen332
\cmidrulekern=\dimen333
\defaultaddspace=\dimen334
\@cmidla=\count381
\@cmidlb=\count382
\@aboverulesep=\dimen335
\@belowrulesep=\dimen336
\@thisruleclass=\count383
\@lastruleclass=\count384
\@thisrulewidth=\dimen337
)
(C:\Users\12860\AppData\Local\Programs\MiKTeX\tex/latex/l3backend\l3backend-xet
ex.def
File: l3backend-xetex.def 2024-01-04 L3 backend support: XeTeX
\g__graphics_track_int=\count385
\l__pdf_internal_box=\box100
\g__pdf_backend_object_int=\count386
\g__pdf_backend_annotation_int=\count387
\g__pdf_backend_link_int=\count388
)

LaTeX Warning: Unused global option(s):
    [unnumsec,webpdf,contemporary,large,namedate].

(main.aux)
\openout1 = `main.aux'.

LaTeX Font Info:    Checking defaults for OML/cmm/m/it on input line 17.
LaTeX Font Info:    ... okay on input line 17.
LaTeX Font Info:    Checking defaults for OMS/cmsy/m/n on input line 17.
LaTeX Font Info:    ... okay on input line 17.
LaTeX Font Info:    Checking defaults for OT1/cmr/m/n on input line 17.
LaTeX Font Info:    ... okay on input line 17.
LaTeX Font Info:    Checking defaults for T1/cmr/m/n on input line 17.
LaTeX Font Info:    ... okay on input line 17.
LaTeX Font Info:    Checking defaults for TS1/cmr/m/n on input line 17.
LaTeX Font Info:    ... okay on input line 17.
LaTeX Font Info:    Checking defaults for TU/lmr/m/n on input line 17.
LaTeX Font Info:    ... okay on input line 17.
LaTeX Font Info:    Checking defaults for OMX/cmex/m/n on input line 17.
LaTeX Font Info:    ... okay on input line 17.
LaTeX Font Info:    Checking defaults for U/cmr/m/n on input line 17.
LaTeX Font Info:    ... okay on input line 17.
LaTeX Font Info:    Checking defaults for PD1/pdf/m/n on input line 17.
LaTeX Font Info:    ... okay on input line 17.
LaTeX Font Info:    Checking defaults for PU/pdf/m/n on input line 17.
LaTeX Font Info:    ... okay on input line 17.
Package crop Info: using `pdftex' graphics driver on input line 17.
Package caption Info: Begin \AtBeginDocument code.
Package caption Info: float package is loaded.
Package caption Info: hyperref package is loaded.
Package caption Info: listings package is loaded.
Package caption Info: longtable package is loaded.

(C:\Users\12860\AppData\Local\Programs\MiKTeX\tex/latex/caption\ltcaption.sty
Package: ltcaption 2021/01/08 v1.4c longtable captions (AR)
)
Package caption Info: rotating package is loaded.
Package caption Info: wrapfig package is loaded.
Package caption Info: End \AtBeginDocument code.
LaTeX Font Info:    Redeclaring symbol font `AMSa' on input line 17.
LaTeX Font Info:    Overwriting symbol font `AMSa' in version `normal'
(Font)                  U/msa/m/n --> U/msa/m/n on input line 17.
LaTeX Font Info:    Overwriting symbol font `AMSa' in version `bold'
(Font)                  U/msa/m/n --> U/msa/m/n on input line 17.

(C:\Users\12860\AppData\Local\Programs\MiKTeX\tex/latex/anyfontsize\anyfontsize
.sty
Invalid UTF-8 byte or sequence at line 3 replaced by U+FFFD.
Invalid UTF-8 byte or sequence at line 3 replaced by U+FFFD.
Package: anyfontsize 2007/11/22 anyfontsize.sty by pts
)
\c@lstlisting=\count389
Package hyperref Info: Link coloring OFF on input line 17.
 (main.out) (main.out)
\@outlinefile=\write4
\openout4 = `main.out'.

LaTeX Font Info:    Calculating math sizes for size <12.045> on input line 46.
LaTeX Font Info:    Trying to load font information for U+msa on input line 46.


(C:\Users\12860\AppData\Local\Programs\MiKTeX\tex/latex/amsfonts\umsa.fd
File: umsa.fd 2013/01/14 v3.01 AMS symbols A
)
LaTeX Font Info:    Trying to load font information for U+msb on input line 46.


(C:\Users\12860\AppData\Local\Programs\MiKTeX\tex/latex/amsfonts\umsb.fd
File: umsb.fd 2013/01/14 v3.01 AMS symbols B
)
LaTeX Font Info:    Trying to load font information for U+rsfs on input line 46
.

(C:\Users\12860\AppData\Local\Programs\MiKTeX\tex/latex/jknappen\ursfs.fd
File: ursfs.fd 1998/03/24 rsfs font definition file (jk)
)
LaTeX Font Info:    Calculating math sizes for size <8.43146> on input line 46.

LaTeX Font Info:    Calculating math sizes for size <7.02625> on input line 46.


! Undefined control sequence.
<argument> \city 
                 {Hengyang}, \postcode {421001}, \country {China}
l.46 
     
The control sequence at the end of the top line
of your error message was never \def'ed. If you have
misspelled it (e.g., `\hobx'), type `I' and the correct
spelling (e.g., `I\hbox'). Otherwise just continue,
and I'll forget about whatever was undefined.

! Undefined control sequence.
<argument> \city 
                 {Hengyang}, \postcode {421001}, \country {China}
l.46 
     
The control sequence at the end of the top line
of your error message was never \def'ed. If you have
misspelled it (e.g., `\hobx'), type `I' and the correct
spelling (e.g., `I\hbox'). Otherwise just continue,
and I'll forget about whatever was undefined.

LaTeX Font Info:    Calculating math sizes for size <4.91833> on input line 46.

LaTeX Font Info:    Font shape `TU/lmss/b/n' in size <12.045> not available
(Font)              Font shape `TU/lmss/bx/n' tried instead on input line 46.
LaTeX Font Info:    Font shape `TU/lmss/b/n' in size <8.03> not available
(Font)              Font shape `TU/lmss/bx/n' tried instead on input line 46.
LaTeX Font Info:    Font shape `TU/lmss/b/it' in size <8.03> not available
(Font)              Font shape `TU/lmss/bx/it' tried instead on input line 46.
LaTeX Font Info:    Font shape `TU/lmss/bx/it' in size <8.03> not available
(Font)              Font shape `TU/lmss/bx/sl' tried instead on input line 46.
(chapters/01-intro.tex
Underfull \hbox (badness 1983) in paragraph at lines 4--5
\TU/lmr/m/n/8.03 and microenvironmental levels—continues to pose fundamental
 []


Underfull \hbox (badness 2277) in paragraph at lines 6--7
\TU/lmr/m/n/8.03 associated fibroblasts (CAFs) have emerged as a particularly
 []


Underfull \vbox (badness 10000) has occurred while \output is active []


Underfull \hbox (badness 1152) in paragraph at lines 8--9
[]\TU/lmr/m/n/8.03 Historically, CAFs were viewed as a relatively homogeneous
 []


Underfull \hbox (badness 2181) in paragraph at lines 8--9
\TU/lmr/m/n/8.03 ([]Bartoschek et al.[], []2018[]; []Lambrechts et al.[], []201
8[]). Multiple
 []


Overfull \hbox (16.02211pt too wide) in paragraph at lines 8--9
\TU/lmr/m/n/8.03 transcriptionally distinct CAF subpopulations—including myofib
roblastic
 []


Underfull \hbox (badness 2469) in paragraph at lines 8--9
\TU/lmr/m/n/8.03 CAFs (myCAFs), inflammatory CAFs (iCAFs), and antigen-
 []


Underfull \vbox (badness 10000) has occurred while \output is active []

LaTeX Font Info:    Font shape `TU/lmss/m/it' in size <8.03> not available
(Font)              Font shape `TU/lmss/m/sl' tried instead on input line 12.
LaTeX Font Info:    Calculating math sizes for size <8.03> on input line 12.

Overfull \hbox (11.38107pt too wide) has occurred while \output is active
[][][] []
 []

[1



]
Overfull \hbox (10.0675pt too wide) in paragraph at lines 16--17
[]\TU/lmr/bx/n/8.03 Single-Cell Heterogeneity\TU/lmr/m/n/8.03 : the transcripti
onally and functionally
 []


Underfull \hbox (badness 2903) in paragraph at lines 17--18
\TU/lmr/m/n/8.03 technologies map CAF subtypes to specific tissue niches
 []

) (chapters/02-origins.tex
Underfull \hbox (badness 2717) in paragraph at lines 22--1
\TU/lmr/m/n/8.03 (Section []7[]), their potential as biomarkers (Section []8[])
, and
 []


Underfull \hbox (badness 3199) in paragraph at lines 22--1
\TU/lmr/m/n/8.03 identify critical gaps and future directions (Section []9[]). 
By
 []


Underfull \hbox (badness 1264) in paragraph at lines 8--9
\TU/lmr/m/n/8.03 transforming growth factor-$\OML/cmm/m/it/8.03 ^^L$ \TU/lmr/m/
n/8.03 (TGF-$\OML/cmm/m/it/8.03 ^^L$\TU/lmr/m/n/8.03 ), platelet-derived growth

 []


Underfull \hbox (badness 1635) in paragraph at lines 10--11
[]\TU/lmr/m/n/8.03 TGF-$\OML/cmm/m/it/8.03 ^^L$ \TU/lmr/m/n/8.03 signalling rep
resents the best-characterised activation
 []


Underfull \hbox (badness 4467) in paragraph at lines 16--17
\TU/lmr/m/n/8.03 A proportion of CAFs originate from bone marrow-derived
 []


Underfull \hbox (badness 1107) in paragraph at lines 16--17
\TU/lmr/m/n/8.03 CAFs under the influence of tumour-derived TGF-$\OML/cmm/m/it/
8.03 ^^L$ \TU/lmr/m/n/8.03 and IL-6
 []


Underfull \hbox (badness 1286) in paragraph at lines 18--19
\TU/lmr/m/n/8.03 functional superiority may reflect the acquisition of epigenet
ic
 []


Underfull \hbox (badness 1755) in paragraph at lines 22--23
\TU/lmr/m/n/8.03 Endothelial cells can acquire fibroblast-like properties throu
gh
 []


Underfull \hbox (badness 1701) in paragraph at lines 28--29
\TU/lmr/m/n/8.03 cytokeratins) and acquire mesenchymal properties (N-cadherin,
 []


Overfull \hbox (18.06267pt too wide) in paragraph at lines 30--31
[]\TU/lmr/m/n/8.03 This phenomenon—termed “tumour-cell-derived CAFs”—is particu
larly
 []


Underfull \hbox (badness 1484) in paragraph at lines 30--31
\TU/lmr/m/n/8.03 distinguishing tumour-derived CAFs from bona fide fibroblast-
 []

[2]
Underfull \hbox (badness 3514) in paragraph at lines 36--37
[]\TU/lmr/bx/n/8.03 IL-6/STAT3 axis: \TU/lmr/m/n/8.03 Tumour-derived IL-6 activ
ates STAT3
 []


Underfull \hbox (badness 1616) in paragraph at lines 38--39
\TU/lmr/m/n/8.03 ([]Rao et al.[], []2006[]). In breast cancer, Hedgehog signall
ing is
 []


Underfull \hbox (badness 1735) in paragraph at lines 42--43
\TU/lmr/m/n/8.03 by mechanosensitive ion channels and integrins on fibroblasts
 []

) (chapters/03-heterogeneity.tex
Underfull \hbox (badness 6032) in paragraph at lines 13--14
[]\TU/lmr/bx/n/8.03 myCAFs \TU/lmr/m/n/8.03 (myofibroblastic CAFs): characteriz
ed by high
 []


Underfull \hbox (badness 2310) in paragraph at lines 13--14
\TU/lmr/m/n/8.03 expression of $\OML/cmm/m/it/8.03 ^^K$\TU/lmr/m/n/8.03 -SMA (\
TU/lmr/m/it/8.03 ACTA2\TU/lmr/m/n/8.03 ), collagen genes (\TU/lmr/m/it/8.03 COL
1A1\TU/lmr/m/n/8.03 ,
 []


Underfull \hbox (badness 2020) in paragraph at lines 13--14
\TU/lmr/m/it/8.03 COL3A1\TU/lmr/m/n/8.03 ), and fibronectin (\TU/lmr/m/it/8.03 
FN1\TU/lmr/m/n/8.03 ). myCAFs are the most
 []


Underfull \hbox (badness 7168) in paragraph at lines 14--15
[]\TU/lmr/bx/n/8.03 iCAFs \TU/lmr/m/n/8.03 (inflammatory CAFs): defined by expr
ession of
 []


Underfull \hbox (badness 1762) in paragraph at lines 15--16
[]\TU/lmr/bx/n/8.03 apCAFs \TU/lmr/m/n/8.03 (antigen-presenting CAFs): expressi
ng MHC class
 []


Overfull \hbox (2.16061pt too wide) in paragraph at lines 18--19
[]\TU/lmr/m/n/8.03 This tripartite classification, while useful, represents a s
implification
 []

LaTeX Font Info:    Font shape `TU/lmss/m/it' in size <9.53561> not available
(Font)              Font shape `TU/lmss/m/sl' tried instead on input line 24.

Underfull \hbox (badness 4072) in paragraph at lines 28--29
\TU/lmr/m/n/8.03 mechanosensitive pathways in both tumour cells and CAFs
 []


Underfull \hbox (badness 2326) in paragraph at lines 28--29
\TU/lmr/m/n/8.03 predictor of poor prognosis and correlates with lymph node
 []


Underfull \vbox (badness 10000) has occurred while \output is active []

 [3]
Underfull \hbox (badness 5652) in paragraph at lines 37--38
\TU/lmr/m/n/8.03 proliferation, survival, and EMT. IL-6 also drives the
 []


Underfull \hbox (badness 2941) in paragraph at lines 38--39
[]\TU/lmr/bx/n/8.03 CXCL1/CXCL8\TU/lmr/m/n/8.03 : attract neutrophils and myelo
id-derived
 []


Underfull \hbox (badness 4060) in paragraph at lines 40--41
[]\TU/lmr/bx/n/8.03 CXCL12\TU/lmr/m/n/8.03 : attracts CXCR4+ endothelial progen
itor cells,
 []


Underfull \hbox (badness 1158) in paragraph at lines 43--44
[]\TU/lmr/m/n/8.03 The iCAF phenotype is driven by NF-$\OML/cmm/m/it/8.03 ^^T$\
TU/lmr/m/n/8.03 B signalling, which
 []


Underfull \hbox (badness 1221) in paragraph at lines 43--44
\TU/lmr/m/n/8.03 is activated by tumour-derived TNF-$\OML/cmm/m/it/8.03 ^^K$\TU
/lmr/m/n/8.03 , IL-1$\OML/cmm/m/it/8.03 ^^L$\TU/lmr/m/n/8.03 , and pathogen-
 []


Underfull \hbox (badness 1028) in paragraph at lines 55--56
[]\TU/lmr/bx/n/8.03 ER+ breast cancer: \TU/lmr/m/n/8.03 Characterized by a pred
ominance of
 []


Underfull \hbox (badness 1622) in paragraph at lines 57--58
[]\TU/lmr/bx/n/8.03 HER2+ breast cancer: \TU/lmr/m/n/8.03 Contains a higher pro
portion of
 []


Underfull \hbox (badness 1226) in paragraph at lines 65--66
\TU/lmr/m/n/8.03 CAF subpopulations are not static but evolve during tumour
 []


Underfull \hbox (badness 5832) in paragraph at lines 70--71
\TU/lmr/m/n/8.03 or immunotherapy, potentially contributing to treatment
 []


Underfull \hbox (badness 1178) in paragraph at lines 81--82
[]\TU/lmr/bx/n/8.03 Species-specific differences: \TU/lmr/m/n/8.03 Human CAFs d
isplay greater
 []


Underfull \hbox (badness 2698) in paragraph at lines 81--82
\TU/lmr/m/n/8.03 transcriptional diversity than their mouse counterparts, with
 []

) (chapters/04-spatial.tex
Underfull \hbox (badness 1521) in paragraph at lines 83--1
[]\TU/lmr/m/n/8.03 These findings highlight the importance of validating CAF-
 []


Underfull \hbox (badness 1406) in paragraph at lines 4--5
\TU/lmr/m/n/8.03 The spatial distribution of CAF subpopulations within breast
 []


Underfull \hbox (badness 1442) in paragraph at lines 10--11
[][]\TU/lmr/m/n/8.03 Wu et al.[] ([]2020[]) combined scRNA-seq with Visium spat
ial
 []


Underfull \hbox (badness 1655) in paragraph at lines 10--11
\TU/lmr/m/n/8.03 transcriptomics to map CAF distributions in breast tumours,
 []

[4]
Underfull \hbox (badness 2538) in paragraph at lines 36--37
[]\TU/lmr/m/n/8.03 These imaging-based approaches provide spatial information
 []


Underfull \hbox (badness 1178) in paragraph at lines 36--37
\TU/lmr/m/n/8.03 at subcellular resolution that is complementary to the whole-
 []


Underfull \hbox (badness 5578) in paragraph at lines 54--55
[]\TU/lmr/bx/n/8.03 Regulatory iCAFs\TU/lmr/m/n/8.03 : enriched near immune agg
regates,
 []


Underfull \hbox (badness 2213) in paragraph at lines 59--60
[]\TU/lmr/m/n/8.03 This spatially resolved subtyping provides a more nuanced
 []


Underfull \hbox (badness 1895) in paragraph at lines 59--60
\TU/lmr/m/n/8.03 understanding of CAF biology and may enable more precise
 []

[5]) (chapters/05-immune.tex
Overfull \hbox (13.8567pt too wide) in paragraph at lines 69--1
[]\TU/lmr/bx/n/8.03 Therapeutic implications: \TU/lmr/m/n/8.03 Understanding CA
F spatial organization
 []


Underfull \hbox (badness 1215) in paragraph at lines 14--15
\TU/lmr/m/n/8.03 of immunosuppressive factors including IL-6, CXCL12, CCL2,
 []


Underfull \hbox (badness 1337) in paragraph at lines 14--15
\TU/lmr/m/n/8.03 STAT3 signalling in CD8+ T cells, impairing their cytotoxic
 []


Underfull \hbox (badness 1014) in paragraph at lines 14--15
\TU/lmr/m/n/8.03 T cells (Tregs) and myeloid-derived suppressor cells (MDSCs),
 []


Underfull \hbox (badness 1173) in paragraph at lines 16--17
\TU/lmr/m/n/8.03 myCAFs is reinforced by their contractility, which compresses
 []


Underfull \hbox (badness 4391) in paragraph at lines 22--23
\TU/lmr/m/n/8.03 Paradoxically, some CAF populations promote inflammatory
 []


Underfull \hbox (badness 4779) in paragraph at lines 34--35
[]\TU/lmr/bx/n/8.03 TGF-$\OML/cmm/m/it/8.03 ^^L$ \TU/lmr/bx/n/8.03 from regulat
ory T cells: \TU/lmr/m/n/8.03 Tregs secrete high
 []


Underfull \hbox (badness 2469) in paragraph at lines 44--45
\TU/lmr/m/n/8.03 excluded phenotype created by myCAF capsules is a major
 []


Underfull \hbox (badness 4403) in paragraph at lines 46--47
[]\TU/lmr/bx/n/8.03 Enhancement of CAR-T cell therapy: \TU/lmr/m/n/8.03 CAF-tar
geted
 []


Underfull \hbox (badness 5175) in paragraph at lines 48--49
\TU/lmr/m/n/8.03 that optimal immunotherapy in breast cancer may require
 []


Underfull \hbox (badness 2057) in paragraph at lines 48--49
\TU/lmr/m/n/8.03 combination approaches that simultaneously target CAFs and
 []

[6]
Underfull \hbox (badness 2547) in paragraph at lines 56--57
\TU/lmr/m/n/8.03 enzymes and metabolites (lactate, glutamine) that alter the
 []


Underfull \hbox (badness 3525) in paragraph at lines 58--59
\TU/lmr/m/n/8.03 potentially enabling cross-presentation by dendritic cells and

 []


Overfull \hbox (10.45299pt too wide) in paragraph at lines 64--65
[]\TU/lmr/bx/n/8.03 Blocking CAF-derived immunosuppressive factors: \TU/lmr/m/n
/8.03 Antibodies
 []


Underfull \hbox (badness 1242) in paragraph at lines 66--67
\TU/lmr/m/n/8.03 that shift CAFs from a suppressive to an immunostimulatory
 []

) (chapters/06-therapy.tex
Underfull \vbox (badness 10000) has occurred while \output is active []


Underfull \hbox (badness 2173) in paragraph at lines 16--17
[]\TU/lmr/bx/n/8.03 FAP-targeted CAR-T cells: \TU/lmr/m/n/8.03 CAR-T cells engi
neered to
 []


Underfull \hbox (badness 6268) in paragraph at lines 18--19
[]\TU/lmr/bx/n/8.03 FAP-targeted radioligand therapy: \TU/lmr/m/n/8.03 Radiolab
eled FAP
 []


Underfull \hbox (badness 2591) in paragraph at lines 34--35
[]\TU/lmr/m/n/8.03 In preclinical models, ATRA combined with chemotherapy
 []


Underfull \vbox (badness 10000) has occurred while \output is active []

 [7]
Overfull \hbox (5.29404pt too wide) in paragraph at lines 44--45
\TU/lmr/m/n/8.03 Bromodomain and extra-terminal domain (BET) proteins (BRD2/3/4
)
 []


Underfull \hbox (badness 2165) in paragraph at lines 44--45
\TU/lmr/m/n/8.03 BET inhibitors (JQ1, I-BET762) disrupt CAF activation by
 []


Underfull \hbox (badness 6332) in paragraph at lines 50--51
\TU/lmr/m/n/8.03 a more targeted approach than global CAF depletion or
 []


Underfull \hbox (badness 3333) in paragraph at lines 54--55
\TU/lmr/m/n/8.03 The CXCR4/CXCL12 axis mediates multiple CAF functions
 []


Underfull \hbox (badness 2189) in paragraph at lines 56--57
[]\TU/lmr/m/n/8.03 In clinical trials, plerixafor has shown modest single-agent

 []


Underfull \hbox (badness 1472) in paragraph at lines 62--63
[]\TU/lmr/m/n/8.03 In preclinical models, IL-6 blockade reduces iCAF-mediated
 []

LaTeX Font Info:    Calculating math sizes for size <9.53561> on input line 64.


Package hyperref Warning: Token not allowed in a PDF string (Unicode):
(hyperref)                removing `math shift' on input line 64.


Package hyperref Warning: Token not allowed in a PDF string (Unicode):
(hyperref)                removing `\beta' on input line 64.


Package hyperref Warning: Token not allowed in a PDF string (Unicode):
(hyperref)                removing `math shift' on input line 64.


Underfull \hbox (badness 2050) in paragraph at lines 72--73
[]\TU/lmr/bx/n/8.03 Anti-TGF-$\OML/cmm/m/it/8.03 ^^L$ \TU/lmr/bx/n/8.03 traps: 
\TU/lmr/m/n/8.03 ATE-Trap, a TGF-$\OML/cmm/m/it/8.03 ^^L$ \TU/lmr/m/n/8.03 deco
y receptor,
 []


Underfull \hbox (badness 1902) in paragraph at lines 72--73
\TU/lmr/m/n/8.03 activating fibroblasts and immune cells ([]Teicher[], []2021[]
). This
 []


Underfull \hbox (badness 3919) in paragraph at lines 80--81
[]\TU/lmr/bx/n/8.03 Glutamine metabolism: \TU/lmr/m/n/8.03 CAFs are major consu
mers of
 []


Underfull \hbox (badness 1019) in paragraph at lines 82--83
[]\TU/lmr/bx/n/8.03 Lipid metabolism: \TU/lmr/m/n/8.03 CAFs exhibit altered lip
id metabolism,
 []


Underfull \hbox (badness 1888) in paragraph at lines 82--83
[]\TU/lmr/m/n/8.03 2020[]). Inhibitors of fatty acid synthase (FASN) or carniti
ne
 []


Underfull \hbox (badness 7631) in paragraph at lines 90--91
\TU/lmr/m/n/8.03 with nab-paclitaxel enhances drug delivery by reducing
 []


Underfull \hbox (badness 1888) in paragraph at lines 91--92
\TU/lmr/m/n/8.03 both CAF activation and immune suppression, potentially
 []


Underfull \hbox (badness 3148) in paragraph at lines 91--92
\TU/lmr/m/n/8.03 converting immune-excluded tumours into immune-inflamed
 []


Overfull \hbox (1.38644pt too wide) in paragraph at lines 92--93
\TU/lmr/m/n/8.03 metabolism can reduce immunosuppressive metabolite production,

 []

) (chapters/07-resistance.tex
Underfull \hbox (badness 1371) in paragraph at lines 95--1
\TU/lmr/m/n/8.03 contribute to tumour progression through multiple, redundant
 []


Underfull \hbox (badness 5446) in paragraph at lines 95--1
\TU/lmr/m/n/8.03 mechanisms, and that effective therapy must address this
 []

[8]
Underfull \hbox (badness 7451) in paragraph at lines 8--9
\TU/lmr/m/n/8.03 CAFs promote resistance to chemotherapy through several
 []


Underfull \hbox (badness 1348) in paragraph at lines 22--23
\TU/lmr/m/n/8.03 proliferation ([]Orimo et al.[], []2005[]). Inhibition of CXCR
4 with
 []


Underfull \hbox (badness 2150) in paragraph at lines 24--25
[]\TU/lmr/bx/n/8.03 HGF: \TU/lmr/m/n/8.03 Hepatocyte growth factor (HGF) secret
ed by CAFs
 []


Underfull \hbox (badness 1286) in paragraph at lines 24--25
\TU/lmr/m/n/8.03 activates MET signalling in tumour cells, promoting survival,
 []


Overfull \hbox (5.05946pt too wide) in paragraph at lines 30--31
[]\TU/lmr/bx/n/8.03 miR-21: \TU/lmr/m/n/8.03 CAF-derived exosomes carry miR-21,
 which downregulates
 []


Underfull \hbox (badness 2469) in paragraph at lines 34--35
[]\TU/lmr/bx/n/8.03 Drug efflux pumps: \TU/lmr/m/n/8.03 CAF-derived exosomes ca
n transfer
 []


Underfull \hbox (badness 1014) in paragraph at lines 34--35
\TU/lmr/m/n/8.03 functional drug efflux pumps (P-glycoprotein) to tumour cells,

 []


Underfull \hbox (badness 4366) in paragraph at lines 38--39
\TU/lmr/m/n/8.03 therapies (tamoxifen, aromatase inhibitors) through multiple
 []


Underfull \vbox (badness 10000) has occurred while \output is active []


Underfull \hbox (badness 1412) in paragraph at lines 42--43
\TU/lmr/m/n/8.03 CAFs secrete growth factors (FGF, HGF, IGF) that activate
 []


Underfull \hbox (badness 1460) in paragraph at lines 44--45
\TU/lmr/m/n/8.03 of estrogen ([]Seth et al.[], []2021[]). FGFR inhibitors (erda
fitinib,
 []


Underfull \hbox (badness 1622) in paragraph at lines 48--49
\TU/lmr/m/n/8.03 Integrin signalling from ECM components activates FAK and
 []


Underfull \hbox (badness 1472) in paragraph at lines 60--61
\TU/lmr/m/n/8.03 iCAFs create an immunosuppressive microenvironment through
 []


Underfull \hbox (badness 1348) in paragraph at lines 70--71
[]\TU/lmr/bx/n/8.03 HER2+ breast cancer: \TU/lmr/m/n/8.03 CAFs secrete neuregul
in (NRG1)
 []

[9]
Underfull \hbox (badness 1796) in paragraph at lines 78--79
\TU/lmr/m/n/8.03 Understanding CAF-mediated resistance has important clinical
 []


Overfull \hbox (1.85454pt too wide) in paragraph at lines 80--81
\TU/lmr/m/n/8.03 density, collagen organization, and CAF subpopulation composit
ion—
 []


Underfull \hbox (badness 1728) in paragraph at lines 80--81
\TU/lmr/m/n/8.03 myCAF density, for example, may predict poor response to
 []


Underfull \hbox (badness 5374) in paragraph at lines 82--83
[]\TU/lmr/bx/n/8.03 Combination therapy: \TU/lmr/m/n/8.03 Strategies that targe
t CAFs in
 []

) (chapters/08-biomarkers.tex
Underfull \hbox (badness 1221) in paragraph at lines 14--15
[]\TU/lmr/bx/n/8.03 myCAF density: \TU/lmr/m/n/8.03 High myCAF density is assoc
iated with
 []


Underfull \hbox (badness 1314) in paragraph at lines 14--15
\TU/lmr/m/n/8.03 and immune exclusion, explaining their association with poor
 []


Underfull \hbox (badness 1303) in paragraph at lines 16--17
\TU/lmr/m/n/8.03 dependent. In some studies, high iCAF density is associated
 []


Underfull \hbox (badness 1320) in paragraph at lines 24--25
\TU/lmr/m/n/8.03 tumour cells is associated with poor prognosis, reflecting the

 []


Underfull \hbox (badness 2111) in paragraph at lines 26--27
\TU/lmr/m/n/8.03 while dispersed CAF distributions are associated with better
 []


Underfull \hbox (badness 1142) in paragraph at lines 44--45
\TU/lmr/m/n/8.03 from CAFs—including ECM components, TGF-$\OML/cmm/m/it/8.03 ^^
L$ \TU/lmr/m/n/8.03 targets, and
 []


Underfull \hbox (badness 2980) in paragraph at lines 46--47
\TU/lmr/m/n/8.03 measured by second harmonic generation imaging or spatial
 []

[10]
Underfull \hbox (badness 3525) in paragraph at lines 58--59
[]\TU/lmr/m/n/8.03 However, the detection and characterization of circulating
 []


Overfull \hbox (9.66278pt too wide) in paragraph at lines 90--91
\TU/lmr/m/n/8.03 ($[]$Ga-FAPI) can visualize CAF-rich stromal compartments ([]K
ratochwil
 []

) (chapters/09-future.tex
Underfull \hbox (badness 1242) in paragraph at lines 96--1
[]\TU/lmr/m/n/8.03 Preliminary studies have shown that combining CAF-related
 []


Underfull \hbox (badness 1292) in paragraph at lines 96--1
\TU/lmr/m/n/8.03 outcomes ([]Seth et al.[], []2021[]). However, the development
 and
 []


Underfull \hbox (badness 3735) in paragraph at lines 13--14
[]\TU/lmr/m/n/8.03 Identify conserved CAF programmes across cancer types,
 []


Underfull \hbox (badness 1394) in paragraph at lines 22--23
[]\TU/lmr/bx/n/8.03 Spatial transcriptomics + proteomics: \TU/lmr/m/n/8.03 Comb
ining gene
 []


Underfull \hbox (badness 1742) in paragraph at lines 22--23
\TU/lmr/m/n/8.03 CAF signalling pathways at spatial resolution, revealing how
 []


Overfull \hbox (6.62263pt too wide) in paragraph at lines 24--25
[]\TU/lmr/bx/n/8.03 Spatial transcriptomics + metabolomics: \TU/lmr/m/n/8.03 Sp
atial metabolomics
 []


Overfull \hbox (12.19984pt too wide) in paragraph at lines 24--25
\TU/lmr/m/n/8.03 technologies (MALDI-MSI, DESI-MSI) can map metabolite distribu
tions
 []

[11]
Underfull \hbox (badness 1014) in paragraph at lines 34--35
\TU/lmr/m/n/8.03 with single-cell readouts (CROP-seq, Perturb-seq) could reveal

 []


Underfull \hbox (badness 2503) in paragraph at lines 36--37
[]\TU/lmr/bx/n/8.03 CRISPRi/CRISPRa screens: \TU/lmr/m/n/8.03 Interference and 
activation
 []


Underfull \hbox (badness 1596) in paragraph at lines 36--37
\TU/lmr/m/n/8.03 from tumour-promoting to tumour-restraining states, revealing
 []


Underfull \hbox (badness 2529) in paragraph at lines 42--43
[]\TU/lmr/bx/n/8.03 Nanoparticle-based delivery: \TU/lmr/m/n/8.03 Nanoparticles
 functionalized
 []


Underfull \hbox (badness 2772) in paragraph at lines 42--43
\TU/lmr/m/n/8.03 with FAP-targeting peptides or antibodies can deliver drugs
 []


Underfull \hbox (badness 6173) in paragraph at lines 44--45
[]\TU/lmr/bx/n/8.03 Exosome-based delivery: \TU/lmr/m/n/8.03 Engineered exosome
s carrying
 []


Underfull \hbox (badness 3780) in paragraph at lines 60--61
\TU/lmr/m/n/8.03 The clinical development of CAF-targeted therapies requires
 []


Underfull \vbox (badness 10000) has occurred while \output is active []

)
(chapters/10-conclusion.tex
Underfull \hbox (badness 4752) in paragraph at lines 9--10
[]\TU/lmr/bx/n/8.03 CAFs are heterogeneous, not homogeneous. \TU/lmr/m/n/8.03 T
he
 []


Overfull \hbox (0.29938pt too wide) in paragraph at lines 9--10
\TU/lmr/m/n/8.03 myCAF/iCAF/apCAF classification provides a useful framework,
 []


Underfull \hbox (badness 3029) in paragraph at lines 11--12
\TU/lmr/m/n/8.03 fibroblasts, bone marrow-derived mesenchymal stem cells,
 []


Overfull \hbox (9.3261pt too wide) in paragraph at lines 15--16
[]\TU/lmr/bx/n/8.03 CAF–immune crosstalk is bidirectional and therapeutically
 []


Underfull \hbox (badness 2653) in paragraph at lines 15--16
\TU/lmr/bx/n/8.03 actionable. \TU/lmr/m/n/8.03 CAFs shape the immune landscape 
through
 []


Underfull \hbox (badness 4254) in paragraph at lines 15--16
\TU/lmr/m/n/8.03 activation and heterogeneity. This crosstalk is a major
 []


Underfull \hbox (badness 1442) in paragraph at lines 17--18
[]\TU/lmr/bx/n/8.03 CAFs are mediators of treatment resistance. \TU/lmr/m/n/8.0
3 CAFs
 []


Underfull \hbox (badness 7308) in paragraph at lines 17--18
\TU/lmr/m/n/8.03 immunotherapy, and targeted therapy through multiple
 []

[12]
Underfull \hbox (badness 1755) in paragraph at lines 19--20
[]\TU/lmr/bx/n/8.03 CAF-targeted therapies are entering clinical trials.
 []

)
Underfull \hbox (badness 1221) in paragraph at lines 24--58
\TU/lmr/m/n/8.03 and open new therapeutic opportunities. The ultimate goal—
 []

(main.bbl
Underfull \hbox (badness 2582) in paragraph at lines 15--19
[]\TU/lmr/m/n/7.77905 S. Acharyya et al.  A cxcl1 paracrine network links cance
r
 []

LaTeX Font Info:    Calculating math sizes for size <7.77905> on input line 26.


Underfull \vbox (badness 10000) has occurred while \output is active []


Underfull \hbox (badness 1436) in paragraph at lines 95--98
[]\TU/lmr/m/n/7.77905 K. Fan et al.  Cancer-associated fibroblasts in immunothe
rapy
 []


Underfull \hbox (badness 1270) in paragraph at lines 110--114
[]\TU/lmr/m/n/7.77905 P. Garin-Chesa et al.  Fibroblast activation protein in c
ancer.
 []


Underfull \hbox (badness 10000) in paragraph at lines 162--166
[]\TU/lmr/m/n/7.77905 L. Keren et al.  A structured tumor-immune single-cell
 []


Underfull \hbox (badness 1728) in paragraph at lines 162--166
\TU/lmr/m/n/7.77905 microenvironment enables immune stratification.  \TU/lmr/m/
it/7.77905 Cell\TU/lmr/m/n/7.77905 , 174:
 []


Underfull \vbox (badness 10000) has occurred while \output is active []

 [13]
Underfull \hbox (badness 1297) in paragraph at lines 332--337
[]\TU/lmr/m/n/7.77905 C. Shao et al.  Osteonectin/SPARC regulates cancer-associ
ated
 []


Underfull \hbox (badness 10000) in paragraph at lines 332--337
\TU/lmr/m/n/7.77905 fibroblast activation and extracellular matrix remodelling.

 []


Underfull \vbox (badness 10000) has occurred while \output is active []

) [14]
(main.aux)
 ***********
LaTeX2e <2023-11-01> patch level 1
L3 programming layer <2024-01-04>
 ***********
Package rerunfilecheck Info: File `main.out' has not changed.
(rerunfilecheck)             Checksum: CA9FD329C436AC06F1CEE4B0640977B1;18751.
 ) 
Here is how much of TeX's memory you used:
 28860 strings out of 409617
 547243 string characters out of 5774013
 2059191 words of memory out of 5000000
 50459 multiletter control sequences out of 15000+600000
 591037 words of font info for 195 fonts, out of 8000000 for 9000
 1352 hyphenation exceptions out of 8191
 99i,13n,101p,17349b,1025s stack positions out of 10000i,1000n,20000p,200000b,200000s

Output written on main.pdf (14 pages).
