\BOOKMARK [1][-]{section.1}{\376\377\000I\000n\000t\000r\000o\000d\000u\000c\000t\000i\000o\000n}{}% 1
\BOOKMARK [1][-]{section.2}{\376\377\000C\000A\000F\000\040\000O\000r\000i\000g\000i\000n\000s\000\040\000a\000n\000d\000\040\000A\000c\000t\000i\000v\000a\000t\000i\000o\000n\000\040\000M\000e\000c\000h\000a\000n\000i\000s\000m\000s}{}% 2
\BOOKMARK [2][-]{subsection.2.1}{\376\377\000T\000i\000s\000s\000u\000e\000-\000r\000e\000s\000i\000d\000e\000n\000t\000\040\000f\000i\000b\000r\000o\000b\000l\000a\000s\000t\000s\000\040\000a\000s\000\040\000t\000h\000e\000\040\000p\000r\000e\000d\000o\000m\000i\000n\000a\000n\000t\000\040\000s\000o\000u\000r\000c\000e}{section.2}% 3
\BOOKMARK [2][-]{subsection.2.2}{\376\377\000B\000o\000n\000e\000\040\000m\000a\000r\000r\000o\000w\000-\000d\000e\000r\000i\000v\000e\000d\000\040\000m\000e\000s\000e\000n\000c\000h\000y\000m\000a\000l\000\040\000s\000t\000e\000m\000\040\000c\000e\000l\000l\000s}{section.2}% 4
\BOOKMARK [2][-]{subsection.2.3}{\376\377\000E\000n\000d\000o\000t\000h\000e\000l\000i\000a\000l\000-\000t\000o\000-\000m\000e\000s\000e\000n\000c\000h\000y\000m\000a\000l\000\040\000t\000r\000a\000n\000s\000i\000t\000i\000o\000n}{section.2}% 5
\BOOKMARK [2][-]{subsection.2.4}{\376\377\000E\000p\000i\000t\000h\000e\000l\000i\000a\000l\000-\000t\000o\000-\000m\000e\000s\000e\000n\000c\000h\000y\000m\000a\000l\000\040\000t\000r\000a\000n\000s\000i\000t\000i\000o\000n\000\040\000a\000s\000\040\000a\000\040\000s\000o\000u\000r\000c\000e}{section.2}% 6
\BOOKMARK [2][-]{subsection.2.5}{\376\377\000A\000c\000t\000i\000v\000a\000t\000i\000o\000n\000\040\000s\000i\000g\000n\000a\000l\000l\000i\000n\000g\000\040\000n\000e\000t\000w\000o\000r\000k\000s}{section.2}% 7
\BOOKMARK [2][-]{subsection.2.6}{\376\377\000H\000e\000t\000e\000r\000o\000g\000e\000n\000e\000i\000t\000y\000\040\000o\000f\000\040\000a\000c\000t\000i\000v\000a\000t\000i\000o\000n\000\040\000s\000t\000a\000t\000e\000s}{section.2}% 8
\BOOKMARK [1][-]{section.3}{\376\377\000S\000i\000n\000g\000l\000e\000-\000C\000e\000l\000l\000\040\000R\000e\000s\000o\000l\000u\000t\000i\000o\000n\000\040\000o\000f\000\040\000C\000A\000F\000\040\000H\000e\000t\000e\000r\000o\000g\000e\000n\000e\000i\000t\000y}{}% 9
\BOOKMARK [2][-]{subsection.3.1}{\376\377\000D\000i\000s\000c\000o\000v\000e\000r\000y\000\040\000o\000f\000\040\000m\000a\000j\000o\000r\000\040\000C\000A\000F\000\040\000s\000u\000b\000p\000o\000p\000u\000l\000a\000t\000i\000o\000n\000s}{section.3}% 10
\BOOKMARK [2][-]{subsection.3.2}{\376\377\000F\000u\000n\000c\000t\000i\000o\000n\000a\000l\000\040\000s\000p\000e\000c\000i\000a\000l\000i\000z\000a\000t\000i\000o\000n\000\040\000o\000f\000\040\000C\000A\000F\000\040\000s\000u\000b\000p\000o\000p\000u\000l\000a\000t\000i\000o\000n\000s}{section.3}% 11
\BOOKMARK [3][-]{subsubsection.3.2.1}{\376\377\000m\000y\000C\000A\000F\000s\000:\000\040\000E\000C\000M\000\040\000a\000r\000c\000h\000i\000t\000e\000c\000t\000s\000\040\000a\000n\000d\000\040\000m\000e\000c\000h\000a\000n\000i\000c\000a\000l\000\040\000r\000e\000g\000u\000l\000a\000t\000o\000r\000s}{subsection.3.2}% 12
\BOOKMARK [3][-]{subsubsection.3.2.2}{\376\377\000i\000C\000A\000F\000s\000:\000\040\000p\000a\000r\000a\000c\000r\000i\000n\000e\000\040\000s\000i\000g\000n\000a\000l\000l\000i\000n\000g\000\040\000h\000u\000b\000s}{subsection.3.2}% 13
\BOOKMARK [3][-]{subsubsection.3.2.3}{\376\377\000a\000p\000C\000A\000F\000s\000:\000\040\000i\000m\000m\000u\000n\000e\000\040\000m\000o\000d\000u\000l\000a\000t\000o\000r\000s}{subsection.3.2}% 14
\BOOKMARK [2][-]{subsection.3.3}{\376\377\000C\000o\000n\000t\000e\000x\000t\000-\000d\000e\000p\000e\000n\000d\000e\000n\000t\000\040\000C\000A\000F\000\040\000h\000e\000t\000e\000r\000o\000g\000e\000n\000e\000i\000t\000y}{section.3}% 15
\BOOKMARK [2][-]{subsection.3.4}{\376\377\000T\000e\000m\000p\000o\000r\000a\000l\000\040\000d\000y\000n\000a\000m\000i\000c\000s\000\040\000o\000f\000\040\000C\000A\000F\000\040\000h\000e\000t\000e\000r\000o\000g\000e\000n\000e\000i\000t\000y}{section.3}% 16
\BOOKMARK [2][-]{subsection.3.5}{\376\377\000C\000r\000o\000s\000s\000-\000s\000p\000e\000c\000i\000e\000s\000\040\000c\000o\000n\000s\000e\000r\000v\000a\000t\000i\000o\000n\000\040\000o\000f\000\040\000C\000A\000F\000\040\000h\000e\000t\000e\000r\000o\000g\000e\000n\000e\000i\000t\000y}{section.3}% 17
\BOOKMARK [1][-]{section.4}{\376\377\000S\000p\000a\000t\000i\000a\000l\000\040\000O\000r\000g\000a\000n\000i\000z\000a\000t\000i\000o\000n\000\040\000o\000f\000\040\000C\000A\000F\000s\000\040\000i\000n\000\040\000B\000r\000e\000a\000s\000t\000\040\000T\000u\000m\000o\000u\000r\000s}{}% 18
\BOOKMARK [2][-]{subsection.4.1}{\376\377\000S\000p\000a\000t\000i\000a\000l\000\040\000t\000r\000a\000n\000s\000c\000r\000i\000p\000t\000o\000m\000i\000c\000s\000\040\000r\000e\000v\000e\000a\000l\000s\000\040\000C\000A\000F\000\040\000n\000i\000c\000h\000e\000s}{section.4}% 19
\BOOKMARK [2][-]{subsection.4.2}{\376\377\000S\000p\000a\000t\000i\000a\000l\000\040\000c\000o\000-\000l\000o\000c\000a\000l\000i\000z\000a\000t\000i\000o\000n\000\040\000w\000i\000t\000h\000\040\000i\000m\000m\000u\000n\000e\000\040\000c\000e\000l\000l\000s}{section.4}% 20
\BOOKMARK [2][-]{subsection.4.3}{\376\377\000I\000m\000a\000g\000i\000n\000g\000-\000b\000a\000s\000e\000d\000\040\000s\000p\000a\000t\000i\000a\000l\000\040\000p\000r\000o\000t\000e\000o\000m\000i\000c\000s}{section.4}% 21
\BOOKMARK [2][-]{subsection.4.4}{\376\377\000S\000p\000a\000t\000i\000a\000l\000\040\000g\000r\000a\000d\000i\000e\000n\000t\000s\000\040\000a\000n\000d\000\040\000n\000i\000c\000h\000e\000\040\000b\000o\000u\000n\000d\000a\000r\000i\000e\000s}{section.4}% 22
\BOOKMARK [2][-]{subsection.4.5}{\376\377\000S\000p\000a\000t\000i\000a\000l\000\040\000t\000r\000a\000n\000s\000c\000r\000i\000p\000t\000o\000m\000i\000c\000s\000-\000g\000u\000i\000d\000e\000d\000\040\000C\000A\000F\000\040\000s\000u\000b\000t\000y\000p\000i\000n\000g}{section.4}% 23
\BOOKMARK [2][-]{subsection.4.6}{\376\377\000C\000l\000i\000n\000i\000c\000a\000l\000\040\000i\000m\000p\000l\000i\000c\000a\000t\000i\000o\000n\000s\000\040\000o\000f\000\040\000C\000A\000F\000\040\000s\000p\000a\000t\000i\000a\000l\000\040\000o\000r\000g\000a\000n\000i\000z\000a\000t\000i\000o\000n}{section.4}% 24
\BOOKMARK [1][-]{section.5}{\376\377\000C\000A\000F\040\023\000I\000m\000m\000u\000n\000e\000\040\000C\000e\000l\000l\000\040\000C\000r\000o\000s\000s\000t\000a\000l\000k\000\040\000i\000n\000\040\000B\000r\000e\000a\000s\000t\000\040\000C\000a\000n\000c\000e\000r}{}% 25
\BOOKMARK [2][-]{subsection.5.1}{\376\377\000C\000A\000F\000s\000\040\000a\000s\000\040\000i\000m\000m\000u\000n\000e\000\040\000r\000e\000g\000u\000l\000a\000t\000o\000r\000s}{section.5}% 26
\BOOKMARK [3][-]{subsubsection.5.1.1}{\376\377\000S\000u\000p\000p\000r\000e\000s\000s\000i\000o\000n\000\040\000o\000f\000\040\000a\000n\000t\000i\000-\000t\000u\000m\000o\000u\000r\000\040\000i\000m\000m\000u\000n\000i\000t\000y}{subsection.5.1}% 27
\BOOKMARK [3][-]{subsubsection.5.1.2}{\376\377\000P\000r\000o\000m\000o\000t\000i\000o\000n\000\040\000o\000f\000\040\000p\000r\000o\000-\000t\000u\000m\000o\000r\000i\000g\000e\000n\000i\000c\000\040\000i\000m\000m\000u\000n\000i\000t\000y}{subsection.5.1}% 28
\BOOKMARK [2][-]{subsection.5.2}{\376\377\000I\000m\000m\000u\000n\000e\000\040\000r\000e\000g\000u\000l\000a\000t\000i\000o\000n\000\040\000o\000f\000\040\000C\000A\000F\000s}{section.5}% 29
\BOOKMARK [2][-]{subsection.5.3}{\376\377\000I\000m\000p\000l\000i\000c\000a\000t\000i\000o\000n\000s\000\040\000f\000o\000r\000\040\000i\000m\000m\000u\000n\000o\000t\000h\000e\000r\000a\000p\000y}{section.5}% 30
\BOOKMARK [2][-]{subsection.5.4}{\376\377\000C\000A\000F\000-\000d\000e\000r\000i\000v\000e\000d\000\040\000e\000x\000t\000r\000a\000c\000e\000l\000l\000u\000l\000a\000r\000\040\000v\000e\000s\000i\000c\000l\000e\000s\000\040\000i\000n\000\040\000i\000m\000m\000u\000n\000e\000\040\000m\000o\000d\000u\000l\000a\000t\000i\000o\000n}{section.5}% 31
\BOOKMARK [2][-]{subsection.5.5}{\376\377\000T\000h\000e\000r\000a\000p\000e\000u\000t\000i\000c\000\040\000t\000a\000r\000g\000e\000t\000i\000n\000g\000\040\000o\000f\000\040\000C\000A\000F\040\023\000i\000m\000m\000u\000n\000e\000\040\000c\000r\000o\000s\000s\000t\000a\000l\000k}{section.5}% 32
\BOOKMARK [1][-]{section.6}{\376\377\000T\000h\000e\000r\000a\000p\000e\000u\000t\000i\000c\000\040\000S\000t\000r\000a\000t\000e\000g\000i\000e\000s\000\040\000T\000a\000r\000g\000e\000t\000i\000n\000g\000\040\000C\000A\000F\000s}{}% 33
\BOOKMARK [2][-]{subsection.6.1}{\376\377\000C\000A\000F\000\040\000d\000e\000p\000l\000e\000t\000i\000o\000n\000\040\000s\000t\000r\000a\000t\000e\000g\000i\000e\000s}{section.6}% 34
\BOOKMARK [3][-]{subsubsection.6.1.1}{\376\377\000F\000A\000P\000-\000t\000a\000r\000g\000e\000t\000e\000d\000\040\000t\000h\000e\000r\000a\000p\000i\000e\000s}{subsection.6.1}% 35
\BOOKMARK [3][-]{subsubsection.6.1.2}{\376\377\000A\000n\000t\000i\000-\000C\000A\000F\000\040\000a\000n\000t\000i\000b\000o\000d\000y\040\023\000d\000r\000u\000g\000\040\000c\000o\000n\000j\000u\000g\000a\000t\000e\000s}{subsection.6.1}% 36
\BOOKMARK [2][-]{subsection.6.2}{\376\377\000C\000A\000F\000\040\000r\000e\000p\000r\000o\000g\000r\000a\000m\000m\000i\000n\000g\000\040\000s\000t\000r\000a\000t\000e\000g\000i\000e\000s}{section.6}% 37
\BOOKMARK [3][-]{subsubsection.6.2.1}{\376\377\000A\000l\000l\000-\000t\000r\000a\000n\000s\000\040\000r\000e\000t\000i\000n\000o\000i\000c\000\040\000a\000c\000i\000d}{subsection.6.2}% 38
\BOOKMARK [3][-]{subsubsection.6.2.2}{\376\377\000V\000i\000t\000a\000m\000i\000n\000\040\000D\000\040\000r\000e\000c\000e\000p\000t\000o\000r\000\040\000a\000g\000o\000n\000i\000s\000t\000s}{subsection.6.2}% 39
\BOOKMARK [3][-]{subsubsection.6.2.3}{\376\377\000B\000E\000T\000\040\000i\000n\000h\000i\000b\000i\000t\000o\000r\000s}{subsection.6.2}% 40
\BOOKMARK [2][-]{subsection.6.3}{\376\377\000T\000a\000r\000g\000e\000t\000i\000n\000g\000\040\000C\000A\000F\000-\000d\000e\000r\000i\000v\000e\000d\000\040\000s\000i\000g\000n\000a\000l\000l\000i\000n\000g}{section.6}% 41
\BOOKMARK [3][-]{subsubsection.6.3.1}{\376\377\000C\000X\000C\000R\0004\000/\000C\000X\000C\000L\0001\0002\000\040\000a\000x\000i\000s}{subsection.6.3}% 42
\BOOKMARK [3][-]{subsubsection.6.3.2}{\376\377\000I\000L\000-\0006\000/\000S\000T\000A\000T\0003\000\040\000a\000x\000i\000s}{subsection.6.3}% 43
\BOOKMARK [3][-]{subsubsection.6.3.3}{\376\377\000T\000G\000F\000-\000\040\000s\000i\000g\000n\000a\000l\000l\000i\000n\000g}{subsection.6.3}% 44
\BOOKMARK [2][-]{subsection.6.4}{\376\377\000T\000a\000r\000g\000e\000t\000i\000n\000g\000\040\000C\000A\000F\000\040\000m\000e\000t\000a\000b\000o\000l\000i\000s\000m}{section.6}% 45
\BOOKMARK [2][-]{subsection.6.5}{\376\377\000C\000o\000m\000b\000i\000n\000a\000t\000i\000o\000n\000\040\000s\000t\000r\000a\000t\000e\000g\000i\000e\000s}{section.6}% 46
\BOOKMARK [1][-]{section.7}{\376\377\000C\000A\000F\000s\000\040\000a\000s\000\040\000M\000e\000d\000i\000a\000t\000o\000r\000s\000\040\000o\000f\000\040\000T\000r\000e\000a\000t\000m\000e\000n\000t\000\040\000R\000e\000s\000i\000s\000t\000a\000n\000c\000e}{}% 47
\BOOKMARK [2][-]{subsection.7.1}{\376\377\000C\000h\000e\000m\000o\000r\000e\000s\000i\000s\000t\000a\000n\000c\000e}{section.7}% 48
\BOOKMARK [3][-]{subsubsection.7.1.1}{\376\377\000P\000h\000y\000s\000i\000c\000a\000l\000\040\000b\000a\000r\000r\000i\000e\000r\000\040\000a\000n\000d\000\040\000d\000r\000u\000g\000\040\000d\000e\000l\000i\000v\000e\000r\000y}{subsection.7.1}% 49
\BOOKMARK [3][-]{subsubsection.7.1.2}{\376\377\000P\000a\000r\000a\000c\000r\000i\000n\000e\000\040\000s\000u\000r\000v\000i\000v\000a\000l\000\040\000s\000i\000g\000n\000a\000l\000l\000i\000n\000g}{subsection.7.1}% 50
\BOOKMARK [3][-]{subsubsection.7.1.3}{\376\377\000E\000x\000o\000s\000o\000m\000e\000-\000m\000e\000d\000i\000a\000t\000e\000d\000\040\000r\000e\000s\000i\000s\000t\000a\000n\000c\000e}{subsection.7.1}% 51
\BOOKMARK [2][-]{subsection.7.2}{\376\377\000E\000n\000d\000o\000c\000r\000i\000n\000e\000\040\000r\000e\000s\000i\000s\000t\000a\000n\000c\000e}{section.7}% 52
\BOOKMARK [3][-]{subsubsection.7.2.1}{\376\377\000A\000l\000t\000e\000r\000n\000a\000t\000i\000v\000e\000\040\000g\000r\000o\000w\000t\000h\000\040\000f\000a\000c\000t\000o\000r\000\040\000s\000i\000g\000n\000a\000l\000l\000i\000n\000g}{subsection.7.2}% 53
\BOOKMARK [3][-]{subsubsection.7.2.2}{\376\377\000E\000C\000M\000-\000m\000e\000d\000i\000a\000t\000e\000d\000\040\000r\000e\000s\000i\000s\000t\000a\000n\000c\000e}{subsection.7.2}% 54
\BOOKMARK [2][-]{subsection.7.3}{\376\377\000I\000m\000m\000u\000n\000o\000t\000h\000e\000r\000a\000p\000y\000\040\000r\000e\000s\000i\000s\000t\000a\000n\000c\000e}{section.7}% 55
\BOOKMARK [3][-]{subsubsection.7.3.1}{\376\377\000I\000m\000m\000u\000n\000e\000\040\000e\000x\000c\000l\000u\000s\000i\000o\000n}{subsection.7.3}% 56
\BOOKMARK [3][-]{subsubsection.7.3.2}{\376\377\000I\000m\000m\000u\000n\000o\000s\000u\000p\000p\000r\000e\000s\000s\000i\000v\000e\000\040\000m\000i\000l\000i\000e\000u}{subsection.7.3}% 57
\BOOKMARK [3][-]{subsubsection.7.3.3}{\376\377\000A\000n\000t\000i\000g\000e\000n\000\040\000p\000r\000e\000s\000e\000n\000t\000a\000t\000i\000o\000n\000\040\000w\000i\000t\000h\000o\000u\000t\000\040\000c\000o\000-\000s\000t\000i\000m\000u\000l\000a\000t\000i\000o\000n}{subsection.7.3}% 58
\BOOKMARK [2][-]{subsection.7.4}{\376\377\000T\000a\000r\000g\000e\000t\000e\000d\000\040\000t\000h\000e\000r\000a\000p\000y\000\040\000r\000e\000s\000i\000s\000t\000a\000n\000c\000e}{section.7}% 59
\BOOKMARK [2][-]{subsection.7.5}{\376\377\000C\000l\000i\000n\000i\000c\000a\000l\000\040\000i\000m\000p\000l\000i\000c\000a\000t\000i\000o\000n\000s\000\040\000o\000f\000\040\000C\000A\000F\000-\000m\000e\000d\000i\000a\000t\000e\000d\000\040\000r\000e\000s\000i\000s\000t\000a\000n\000c\000e}{section.7}% 60
\BOOKMARK [1][-]{section.8}{\376\377\000C\000A\000F\000s\000\040\000a\000s\000\040\000B\000i\000o\000m\000a\000r\000k\000e\000r\000s\000\040\000i\000n\000\040\000B\000r\000e\000a\000s\000t\000\040\000C\000a\000n\000c\000e\000r}{}% 61
\BOOKMARK [2][-]{subsection.8.1}{\376\377\000P\000r\000o\000g\000n\000o\000s\000t\000i\000c\000\040\000b\000i\000o\000m\000a\000r\000k\000e\000r\000s}{section.8}% 62
\BOOKMARK [3][-]{subsubsection.8.1.1}{\376\377\000C\000A\000F\000\040\000d\000e\000n\000s\000i\000t\000y\000\040\000a\000n\000d\000\040\000d\000i\000s\000t\000r\000i\000b\000u\000t\000i\000o\000n}{subsection.8.1}% 63
\BOOKMARK [3][-]{subsubsection.8.1.2}{\376\377\000S\000p\000a\000t\000i\000a\000l\000\040\000o\000r\000g\000a\000n\000i\000z\000a\000t\000i\000o\000n}{subsection.8.1}% 64
\BOOKMARK [2][-]{subsection.8.2}{\376\377\000P\000r\000e\000d\000i\000c\000t\000i\000v\000e\000\040\000b\000i\000o\000m\000a\000r\000k\000e\000r\000s}{section.8}% 65
\BOOKMARK [3][-]{subsubsection.8.2.1}{\376\377\000I\000m\000m\000u\000n\000o\000t\000h\000e\000r\000a\000p\000y\000\040\000r\000e\000s\000p\000o\000n\000s\000e\000\040\000p\000r\000e\000d\000i\000c\000t\000i\000o\000n}{subsection.8.2}% 66
\BOOKMARK [3][-]{subsubsection.8.2.2}{\376\377\000C\000h\000e\000m\000o\000t\000h\000e\000r\000a\000p\000y\000\040\000r\000e\000s\000p\000o\000n\000s\000e\000\040\000p\000r\000e\000d\000i\000c\000t\000i\000o\000n}{subsection.8.2}% 67
\BOOKMARK [2][-]{subsection.8.3}{\376\377\000C\000i\000r\000c\000u\000l\000a\000t\000i\000n\000g\000\040\000C\000A\000F\000\040\000b\000i\000o\000m\000a\000r\000k\000e\000r\000s}{section.8}% 68
\BOOKMARK [3][-]{subsubsection.8.3.1}{\376\377\000C\000i\000r\000c\000u\000l\000a\000t\000i\000n\000g\000\040\000f\000i\000b\000r\000o\000b\000l\000a\000s\000t\000s}{subsection.8.3}% 69
\BOOKMARK [3][-]{subsubsection.8.3.2}{\376\377\000C\000i\000r\000c\000u\000l\000a\000t\000i\000n\000g\000\040\000C\000A\000F\000-\000d\000e\000r\000i\000v\000e\000d\000\040\000f\000a\000c\000t\000o\000r\000s}{subsection.8.3}% 70
\BOOKMARK [3][-]{subsubsection.8.3.3}{\376\377\000C\000i\000r\000c\000u\000l\000a\000t\000i\000n\000g\000\040\000e\000x\000o\000s\000o\000m\000e\000s}{subsection.8.3}% 71
\BOOKMARK [2][-]{subsection.8.4}{\376\377\000I\000m\000a\000g\000i\000n\000g\000-\000b\000a\000s\000e\000d\000\040\000C\000A\000F\000\040\000b\000i\000o\000m\000a\000r\000k\000e\000r\000s}{section.8}% 72
\BOOKMARK [3][-]{subsubsection.8.4.1}{\376\377\000M\000R\000I\000-\000b\000a\000s\000e\000d\000\040\000s\000t\000r\000o\000m\000a\000l\000\040\000f\000e\000a\000t\000u\000r\000e\000s}{subsection.8.4}% 73
\BOOKMARK [3][-]{subsubsection.8.4.2}{\376\377\000P\000E\000T\000-\000b\000a\000s\000e\000d\000\040\000C\000A\000F\000\040\000i\000m\000a\000g\000i\000n\000g}{subsection.8.4}% 74
\BOOKMARK [2][-]{subsection.8.5}{\376\377\000M\000u\000l\000t\000i\000-\000m\000o\000d\000a\000l\000\040\000C\000A\000F\000\040\000b\000i\000o\000m\000a\000r\000k\000e\000r\000\040\000p\000a\000n\000e\000l\000s}{section.8}% 75
\BOOKMARK [1][-]{section.9}{\376\377\000F\000u\000t\000u\000r\000e\000\040\000D\000i\000r\000e\000c\000t\000i\000o\000n\000s}{}% 76
\BOOKMARK [2][-]{subsection.9.1}{\376\377\000F\000o\000u\000n\000d\000a\000t\000i\000o\000n\000\040\000m\000o\000d\000e\000l\000s\000\040\000f\000o\000r\000\040\000C\000A\000F\000\040\000b\000i\000o\000l\000o\000g\000y}{section.9}% 77
\BOOKMARK [2][-]{subsection.9.2}{\376\377\000S\000p\000a\000t\000i\000a\000l\000\040\000m\000u\000l\000t\000i\000-\000o\000m\000i\000c\000s\000\040\000i\000n\000t\000e\000g\000r\000a\000t\000i\000o\000n}{section.9}% 78
\BOOKMARK [2][-]{subsection.9.3}{\376\377\000F\000u\000n\000c\000t\000i\000o\000n\000a\000l\000\040\000g\000e\000n\000o\000m\000i\000c\000s\000\040\000o\000f\000\040\000C\000A\000F\000s}{section.9}% 79
\BOOKMARK [2][-]{subsection.9.4}{\376\377\000C\000A\000F\000-\000t\000a\000r\000g\000e\000t\000e\000d\000\040\000d\000r\000u\000g\000\040\000d\000e\000l\000i\000v\000e\000r\000y}{section.9}% 80
\BOOKMARK [2][-]{subsection.9.5}{\376\377\000L\000i\000q\000u\000i\000d\000\040\000b\000i\000o\000p\000s\000y\000\040\000f\000o\000r\000\040\000C\000A\000F\000\040\000m\000o\000n\000i\000t\000o\000r\000i\000n\000g}{section.9}% 81
\BOOKMARK [2][-]{subsection.9.6}{\376\377\000C\000l\000i\000n\000i\000c\000a\000l\000\040\000t\000r\000i\000a\000l\000\040\000d\000e\000s\000i\000g\000n\000\040\000f\000o\000r\000\040\000C\000A\000F\000-\000t\000a\000r\000g\000e\000t\000e\000d\000\040\000t\000h\000e\000r\000a\000p\000i\000e\000s}{section.9}% 82
\BOOKMARK [2][-]{subsection.9.7}{\376\377\000E\000t\000h\000i\000c\000a\000l\000\040\000c\000o\000n\000s\000i\000d\000e\000r\000a\000t\000i\000o\000n\000s}{section.9}% 83
\BOOKMARK [1][-]{section.10}{\376\377\000C\000o\000n\000c\000l\000u\000s\000i\000o\000n}{}% 84
