This is XeTeX, Version 3.141592653-2.6-0.999995 (TeX Live 2023/Debian) (preloaded format=xelatex 2026.6.9)  9 JUN 2026 16:20
entering extended mode
 restricted \write18 enabled.
 %&-line parsing enabled.
**main.tex
(./main.tex
LaTeX2e <2023-11-01> patch level 1
L3 programming layer <2024-01-22>
(./oup-authoring-template.cls
Document Class: oup-authoring-template 2025/11/17 1.2
(/usr/share/texlive/texmf-dist/tex/latex/crop/crop.sty
Package: crop 2017/11/19 1.10 crop marks (mf)

(/usr/share/texlive/texmf-dist/tex/generic/iftex/ifluatex.sty
Package: ifluatex 2019/10/25 v1.5 ifluatex legacy package. Use iftex instead.

(/usr/share/texlive/texmf-dist/tex/generic/iftex/iftex.sty
Package: iftex 2022/02/03 v1.0f TeX engine tests
))
\CROP@index=\count183

(/usr/share/texlive/texmf-dist/tex/latex/graphics/color.sty
Package: color 2022/01/06 v1.3d Standard LaTeX Color (DPC)

(/usr/share/texlive/texmf-dist/tex/latex/graphics-cfg/color.cfg
File: color.cfg 2016/01/02 v1.6 sample color configuration
)
Package color Info: Driver file: xetex.def on input line 149.

(/usr/share/texlive/texmf-dist/tex/latex/graphics-def/xetex.def
File: xetex.def 2022/09/22 v5.0n Graphics/color driver for xetex
)
(/usr/share/texlive/texmf-dist/tex/latex/graphics/mathcolor.ltx))
(/usr/share/texlive/texmf-dist/tex/latex/graphics/graphics.sty
Package: graphics 2022/03/10 v1.4e Standard LaTeX Graphics (DPC,SPQR)

(/usr/share/texlive/texmf-dist/tex/latex/graphics/trig.sty
Package: trig 2021/08/11 v1.11 sin cos tan (DPC)
)
(/usr/share/texlive/texmf-dist/tex/latex/graphics-cfg/graphics.cfg
File: graphics.cfg 2016/06/04 v1.11 sample graphics configuration
)
Package graphics Info: Driver file: xetex.def on input line 107.
)
\CROP@offset=\count184
Package crop Info: Local config file crop.cfg used on input line 622.

(/usr/share/texlive/texmf-dist/tex/xelatex/xetexconfig/crop.cfg))
(/usr/share/texlive/texmf-dist/tex/latex/graphics/graphicx.sty
Package: graphicx 2021/09/16 v1.2d Enhanced LaTeX Graphics (DPC,SPQR)

(/usr/share/texlive/texmf-dist/tex/latex/graphics/keyval.sty
Package: keyval 2022/05/29 v1.15 key=value parser (DPC)
\KV@toks@=\toks17
)
\Gin@req@height=\dimen140
\Gin@req@width=\dimen141
)
(/usr/share/texlive/texmf-dist/tex/latex/caption/caption.sty
Package: caption 2023/08/05 v3.6o Customizing captions (AR)

(/usr/share/texlive/texmf-dist/tex/latex/caption/caption3.sty
Package: caption3 2023/07/31 v2.4d caption3 kernel (AR)
\caption@tempdima=\dimen142
\captionmargin=\dimen143
\caption@leftmargin=\dimen144
\caption@rightmargin=\dimen145
\caption@width=\dimen146
\caption@indent=\dimen147
\caption@parindent=\dimen148
\caption@hangindent=\dimen149
\abovecaptionskip=\skip48
\belowcaptionskip=\skip49
Package caption Info: Document class w/o caption stuff detected.
)
\c@caption@flags=\count185
\c@continuedfloat=\count186
)
(/usr/share/texlive/texmf-dist/tex/latex/amsmath/amsmath.sty
Package: amsmath 2023/05/13 v2.17o AMS math features
\@mathmargin=\skip50

For additional information on amsmath, use the `?' option.
(/usr/share/texlive/texmf-dist/tex/latex/amsmath/amstext.sty
Package: amstext 2021/08/26 v2.01 AMS text

(/usr/share/texlive/texmf-dist/tex/latex/amsmath/amsgen.sty
File: amsgen.sty 1999/11/30 v2.0 generic functions
\@emptytoks=\toks18
\ex@=\dimen150
))
(/usr/share/texlive/texmf-dist/tex/latex/amsmath/amsbsy.sty
Package: amsbsy 1999/11/29 v1.2d Bold Symbols
\pmbraise@=\dimen151
)
(/usr/share/texlive/texmf-dist/tex/latex/amsmath/amsopn.sty
Package: amsopn 2022/04/08 v2.04 operator names
)
\inf@bad=\count187
LaTeX Info: Redefining \frac on input line 234.
\uproot@=\count188
\leftroot@=\count189
LaTeX Info: Redefining \overline on input line 399.
LaTeX Info: Redefining \colon on input line 410.
\classnum@=\count190
\DOTSCASE@=\count191
LaTeX Info: Redefining \ldots on input line 496.
LaTeX Info: Redefining \dots on input line 499.
LaTeX Info: Redefining \cdots on input line 620.
\Mathstrutbox@=\box51
\strutbox@=\box52
LaTeX Info: Redefining \big on input line 722.
LaTeX Info: Redefining \Big on input line 723.
LaTeX Info: Redefining \bigg on input line 724.
LaTeX Info: Redefining \Bigg on input line 725.
\big@size=\dimen152
LaTeX Font Info:    Redeclaring font encoding OML on input line 743.
LaTeX Font Info:    Redeclaring font encoding OMS on input line 744.
\macc@depth=\count192
LaTeX Info: Redefining \bmod on input line 905.
LaTeX Info: Redefining \pmod on input line 910.
LaTeX Info: Redefining \smash on input line 940.
LaTeX Info: Redefining \relbar on input line 970.
LaTeX Info: Redefining \Relbar on input line 971.
\c@MaxMatrixCols=\count193
\dotsspace@=\muskip16
\c@parentequation=\count194
\dspbrk@lvl=\count195
\tag@help=\toks19
\row@=\count196
\column@=\count197
\maxfields@=\count198
\andhelp@=\toks20
\eqnshift@=\dimen153
\alignsep@=\dimen154
\tagshift@=\dimen155
\tagwidth@=\dimen156
\totwidth@=\dimen157
\lineht@=\dimen158
\@envbody=\toks21
\multlinegap=\skip51
\multlinetaggap=\skip52
\mathdisplay@stack=\toks22
LaTeX Info: Redefining \[ on input line 2953.
LaTeX Info: Redefining \] on input line 2954.
)
(/usr/share/texlive/texmf-dist/tex/latex/tools/array.sty
Package: array 2023/10/16 v2.5g Tabular extension package (FMi)
\col@sep=\dimen159
\ar@mcellbox=\box53
\extrarowheight=\dimen160
\NC@list=\toks23
\extratabsurround=\skip53
\backup@length=\skip54
\ar@cellbox=\box54
)
(/usr/share/texlive/texmf-dist/tex/latex/xcolor/xcolor.sty
Package: xcolor 2023/11/15 v3.01 LaTeX color extensions (UK)

(/usr/share/texlive/texmf-dist/tex/latex/graphics-cfg/color.cfg
File: color.cfg 2016/01/02 v1.6 sample color configuration
)
Package xcolor Info: Driver file: xetex.def on input line 274.
LaTeX Info: Redefining \color on input line 758.

(/usr/share/texlive/texmf-dist/tex/latex/graphics/mathcolor.ltx)
Package xcolor Info: Model `cmy' substituted by `cmy0' on input line 1350.
Package xcolor Info: Model `RGB' extended on input line 1366.
Package xcolor Info: Model `HTML' substituted by `rgb' on input line 1368.
Package xcolor Info: Model `Hsb' substituted by `hsb' on input line 1369.
Package xcolor Info: Model `tHsb' substituted by `hsb' on input line 1370.
Package xcolor Info: Model `HSB' substituted by `hsb' on input line 1371.
Package xcolor Info: Model `Gray' substituted by `gray' on input line 1372.
Package xcolor Info: Model `wave' substituted by `hsb' on input line 1373.
)
(/usr/share/texlive/texmf-dist/tex/latex/amsfonts/amssymb.sty
Package: amssymb 2013/01/14 v3.01 AMS font symbols

(/usr/share/texlive/texmf-dist/tex/latex/amsfonts/amsfonts.sty
Package: amsfonts 2013/01/14 v3.01 Basic AMSFonts support
\symAMSa=\mathgroup4
\symAMSb=\mathgroup5
LaTeX Font Info:    Redeclaring math symbol \hbar on input line 98.
LaTeX Font Info:    Overwriting math alphabet `\mathfrak' in version `bold'
(Font)                  U/euf/m/n --> U/euf/b/n on input line 106.
))
(/usr/share/texlive/texmf-dist/tex/latex/sttools/flushend.sty
Package: flushend 2021/10/04 v4.0 Balancing columns in twocolumn mode
\flushend@@lastskip@a=\skip55
\flushend@@lastskip@b=\skip56
\flushend@@lastnode=\count199
\var@@loop@iter=\count266
\var@@temp@spread=\dimen161
\var@@temp@a=\dimen162
\var@@temp@loop=\dimen163
\flushend@@page@rule=\dimen164
\flushend@@varbox@lastpage=\box55
\flushend@@varbox@a=\box56
\flushend@@varbox@c=\box57
\flushend@@tempbox@a=\box58
\flushend@@tempbox@c=\box59
\flushend@@floatbox=\box60
\@viper=\box61
\hold@viper=\box62
\atColsBreak=\toks24
\atColsEnd=\toks25
\oldbreak@skip=\dimen165
)
(/usr/share/texlive/texmf-dist/tex/latex/sttools/stfloats.sty
Package: stfloats 2017/03/27 v3.3 Improve float mechanism and baselineskip sett
ings
\@dblbotnum=\count267
\c@dblbotnumber=\count268
)
(/usr/share/texlive/texmf-dist/tex/latex/graphics/rotating.sty
Package: rotating 2016/08/11 v2.16d rotated objects in LaTeX

(/usr/share/texlive/texmf-dist/tex/latex/base/ifthen.sty
Package: ifthen 2022/04/13 v1.1d Standard LaTeX ifthen package (DPC)
)
\c@r@tfl@t=\count269
\rotFPtop=\skip57
\rotFPbot=\skip58
\rot@float@box=\box63
\rot@mess@toks=\toks26
)
(/usr/share/texlive/texmf-dist/tex/latex/changepage/chngpage.sty
Package: chngpage 2009/10/20 v1.2b change page layout
\c@cp@cnt=\count270
\c@cp@tempcnt=\count271
)
(/usr/share/texlive/texmf-dist/tex/latex/totcount/totcount.sty
Package: totcount 2011/01/25 v1.2 package for gettingthe total value of LaTeX c
ounters
)
(/usr/share/texlive/texmf-dist/tex/latex/base/fix-cm.sty
Package: fix-cm 2020/11/24 v1.1t fixes to LaTeX

(/usr/share/texlive/texmf-dist/tex/latex/base/ts1enc.def
File: ts1enc.def 2001/06/05 v3.0e (jk/car/fm) Standard LaTeX file
LaTeX Font Info:    Redeclaring font encoding TS1 on input line 47.
))
(/usr/share/texlive/texmf-dist/tex/latex/footmisc/footmisc.sty
Package: footmisc 2023/07/05 v6.0f a miscellany of footnote facilities
\FN@temptoken=\toks27
\footnotemargin=\dimen166
\@outputbox@depth=\dimen167
Package footmisc Info: Declaring symbol style bringhurst on input line 696.
Package footmisc Info: Declaring symbol style chicago on input line 704.
Package footmisc Info: Declaring symbol style wiley on input line 713.
Package footmisc Info: Declaring symbol style lamport-robust on input line 724.

Package footmisc Info: Declaring symbol style lamport* on input line 744.
Package footmisc Info: Declaring symbol style lamport*-robust on input line 765
.
)
\croppaperwidth=\dimen168
\croppaperheight=\dimen169
\Croppdfwidth=\dimen170
\Croppdfheight=\dimen171
\Trimpdfwidth=\dimen172
\Trimpdfheight=\dimen173
\CP@toff@wd=\dimen174
\CP@toff@ht=\dimen175
\CP@boff@wd=\dimen176
\CP@boff@ht=\dimen177
\CP@crop@wd=\dimen178
\CP@crop@ht=\dimen179
\CP@bled@wd=\dimen180
\CP@bled@ht=\dimen181
\CP@trim@wd=\dimen182
\CP@trim@ht=\dimen183
\c@section=\count272
\c@subsection=\count273
\c@subsubsection=\count274
\c@paragraph=\count275
\c@subparagraph=\count276
\c@figure=\count277
\c@table=\count278
\dropfromtop=\skip59
\c@myauthcount=\count279
\c@myauthcount@totc=\count280
\c@myhistorycount=\count281
\c@myhistorycount@totc=\count282
\c@myaddcount=\count283
\c@myaddcount@totc=\count284
\extraspace=\skip60
\currentpageno=\count285
\aboveskipchk=\skip61
\titlepagewd=\skip62

(/usr/share/texlive/texmf-dist/tex/latex/arydshln/arydshln.sty
Package: arydshln 2019/02/21 v1.76 
\dashlinedash=\dimen184
\dashlinegap=\dimen185
\adl@box=\box64
\adl@height=\dimen186
\adl@heightsave=\dimen187
\adl@depth=\dimen188
\adl@depthsave=\dimen189
\adl@finaldepth=\dimen190
\adl@columns=\count286
\adl@ncol=\count287
\adl@currentcolumn=\count288
\adl@currentcolumnsave=\count289
\adl@totalheight=\count290
\adl@totalheightsave=\count291
\adl@dash=\count292
\adl@gap=\count293
\adl@cla=\count294
\adl@clb=\count295
\adl@everyvbox=\toks28
\adl@LTpagetotal=\dimen191
)
\rotdimen=\dimen192
\tempdime=\dimen193
\temptbox=\box65

(/usr/share/texlive/texmf-dist/tex/latex/natbib/natbib.sty
Package: natbib 2010/09/13 8.31b (PWD, AO)
\bibhang=\skip63
\bibsep=\skip64
LaTeX Info: Redefining \cite on input line 694.
\c@NAT@ctr=\count296
)
(/usr/share/texlive/texmf-dist/tex/latex/wrapfig/wrapfig.sty
\wrapoverhang=\dimen194
\WF@size=\dimen195
\c@WF@wrappedlines=\count297
\WF@box=\box66
\WF@everypar=\toks29
Package: wrapfig 2003/01/31  v 3.6
)
\wraplines=\count298
\@authorfigbox=\box67
\@authorfigboxdim=\skip65
\biofigadjskip=\skip66

(/usr/share/texlive/texmf-dist/tex/latex/amscls/amsthm.sty
Package: amsthm 2020/05/29 v2.20.6
\thm@style=\toks30
\thm@bodyfont=\toks31
\thm@headfont=\toks32
\thm@notefont=\toks33
\thm@headpunct=\toks34
\thm@preskip=\skip67
\thm@postskip=\skip68
\thm@headsep=\skip69
\dth@everypar=\toks35
)
(/usr/share/texlive/texmf-dist/tex/latex/subfloat/subfloat.sty
Package: subfloat 2003/08/21 version 2.14

Package `subfloat', Version 2.14 of 2003/08/21.
\c@subfloatfiguremax=\count299
\c@subfloattablemax=\count300
)
(/usr/share/texlive/texmf-dist/tex/latex/multirow/multirow.sty
Package: multirow 2021/03/15 v2.8 Span multiple rows of a table
\multirow@colwidth=\skip70
\multirow@cntb=\count301
\multirow@dima=\skip71
\bigstrutjot=\dimen196
)
(/usr/share/texlive/texmf-dist/tex/latex/mdwtools/footnote.sty
Package: footnote 1997/01/28 1.13 Save footnotes around boxes
\fn@notes=\box68
\fn@width=\dimen197
)
(/usr/share/texlive/texmf-dist/tex/latex/url/url.sty
\Urlmuskip=\muskip17
Package: url 2013/09/16  ver 3.4  Verb mode for urls, etc.
)
(/usr/share/texlive/texmf-dist/tex/latex/jknapltx/mathrsfs.sty
Package: mathrsfs 1996/01/01 Math RSFS package v1.0 (jk)
\symrsfs=\mathgroup6
)
(/usr/share/texlive/texmf-dist/tex/latex/algorithms/algorithm.sty
Invalid UTF-8 byte or sequence at line 11 replaced by U+FFFD.
Package: algorithm 2009/08/24 v0.1 Document Style `algorithm' - floating enviro
nment

(/usr/share/texlive/texmf-dist/tex/latex/float/float.sty
Package: float 2001/11/08 v1.3d Float enhancements (AL)
\c@float@type=\count302
\float@exts=\toks36
\float@box=\box69
\@float@everytoks=\toks37
\@floatcapt=\box70
)
\@float@every@algorithm=\toks38
\c@algorithm=\count303
)
(/usr/share/texlive/texmf-dist/tex/latex/algorithmicx/algorithmicx.sty
Package: algorithmicx 2005/04/27 v1.2 Algorithmicx

Document Style algorithmicx 1.2 - a greatly improved `algorithmic' style
\c@ALG@line=\count304
\c@ALG@rem=\count305
\c@ALG@nested=\count306
\ALG@tlm=\skip72
\ALG@thistlm=\skip73
\c@ALG@Lnr=\count307
\c@ALG@blocknr=\count308
\c@ALG@storecount=\count309
\c@ALG@tmpcounter=\count310
\ALG@tmplength=\skip74
) (/usr/share/texlive/texmf-dist/tex/latex/algorithmicx/algpseudocode.sty
Package: algpseudocode 

Document Style - pseudocode environments for use with the `algorithmicx' style
) (/usr/share/texlive/texmf-dist/tex/latex/listings/listings.sty
\lst@mode=\count311
\lst@gtempboxa=\box71
\lst@token=\toks39
\lst@length=\count312
\lst@currlwidth=\dimen198
\lst@column=\count313
\lst@pos=\count314
\lst@lostspace=\dimen199
\lst@width=\dimen256
\lst@newlines=\count315
\lst@lineno=\count316
\lst@maxwidth=\dimen257

(/usr/share/texlive/texmf-dist/tex/latex/listings/lstmisc.sty
File: lstmisc.sty 2023/02/27 1.9 (Carsten Heinz)
\c@lstnumber=\count317
\lst@skipnumbers=\count318
\lst@framebox=\box72
)
(/usr/share/texlive/texmf-dist/tex/latex/listings/listings.cfg
File: listings.cfg 2023/02/27 1.9 listings configuration
))
Package: listings 2023/02/27 1.9 (Carsten Heinz)
\c@@pps=\count319
\c@@ppsavesec=\count320
\c@@ppsaveapp=\count321

(/usr/share/texlive/texmf-dist/tex/latex/hyperref/hyperref.sty
Package: hyperref 2024-01-20 v7.01h Hypertext links for LaTeX

(/usr/share/texlive/texmf-dist/tex/latex/kvsetkeys/kvsetkeys.sty
Package: kvsetkeys 2022-10-05 v1.19 Key value parser (HO)
)
(/usr/share/texlive/texmf-dist/tex/generic/kvdefinekeys/kvdefinekeys.sty
Package: kvdefinekeys 2019-12-19 v1.6 Define keys (HO)
)
(/usr/share/texlive/texmf-dist/tex/generic/pdfescape/pdfescape.sty
Package: pdfescape 2019/12/09 v1.15 Implements pdfTeX's escape features (HO)

(/usr/share/texlive/texmf-dist/tex/generic/ltxcmds/ltxcmds.sty
Package: ltxcmds 2023-12-04 v1.26 LaTeX kernel commands for general use (HO)
)
(/usr/share/texlive/texmf-dist/tex/generic/pdftexcmds/pdftexcmds.sty
Package: pdftexcmds 2020-06-27 v0.33 Utility functions of pdfTeX for LuaTeX (HO
)

(/usr/share/texlive/texmf-dist/tex/generic/infwarerr/infwarerr.sty
Package: infwarerr 2019/12/03 v1.5 Providing info/warning/error messages (HO)
)
Package pdftexcmds Info: \pdf@primitive is available.
Package pdftexcmds Info: \pdf@ifprimitive is available.
Package pdftexcmds Info: \pdfdraftmode not found.
))
(/usr/share/texlive/texmf-dist/tex/latex/hycolor/hycolor.sty
Package: hycolor 2020-01-27 v1.10 Color options for hyperref/bookmark (HO)
)
(/usr/share/texlive/texmf-dist/tex/latex/auxhook/auxhook.sty
Package: auxhook 2019-12-17 v1.6 Hooks for auxiliary files (HO)
)
(/usr/share/texlive/texmf-dist/tex/latex/hyperref/nameref.sty
Package: nameref 2023-11-26 v2.56 Cross-referencing by name of section

(/usr/share/texlive/texmf-dist/tex/latex/refcount/refcount.sty
Package: refcount 2019/12/15 v3.6 Data extraction from label references (HO)
)
(/usr/share/texlive/texmf-dist/tex/generic/gettitlestring/gettitlestring.sty
Package: gettitlestring 2019/12/15 v1.6 Cleanup title references (HO)

(/usr/share/texlive/texmf-dist/tex/latex/kvoptions/kvoptions.sty
Package: kvoptions 2022-06-15 v3.15 Key value format for package options (HO)
))
\c@section@level=\count322
)
(/usr/share/texlive/texmf-dist/tex/latex/etoolbox/etoolbox.sty
Package: etoolbox 2020/10/05 v2.5k e-TeX tools for LaTeX (JAW)
\etb@tempcnta=\count323
)
\@linkdim=\dimen258
\Hy@linkcounter=\count324
\Hy@pagecounter=\count325

(/usr/share/texlive/texmf-dist/tex/latex/hyperref/pd1enc.def
File: pd1enc.def 2024-01-20 v7.01h Hyperref: PDFDocEncoding definition (HO)
)
(/usr/share/texlive/texmf-dist/tex/generic/intcalc/intcalc.sty
Package: intcalc 2019/12/15 v1.3 Expandable calculations with integers (HO)
)
\Hy@SavedSpaceFactor=\count326

(/usr/share/texlive/texmf-dist/tex/latex/hyperref/puenc.def
File: puenc.def 2024-01-20 v7.01h Hyperref: PDF Unicode definition (HO)
)
Package hyperref Info: Hyper figures OFF on input line 4179.
Package hyperref Info: Link nesting OFF on input line 4184.
Package hyperref Info: Hyper index ON on input line 4187.
Package hyperref Info: Plain pages OFF on input line 4194.
Package hyperref Info: Backreferencing OFF on input line 4199.
Package hyperref Info: Implicit mode ON; LaTeX internals redefined.
Package hyperref Info: Bookmarks ON on input line 4446.
\c@Hy@tempcnt=\count327
LaTeX Info: Redefining \url on input line 4784.
\XeTeXLinkMargin=\dimen259

(/usr/share/texlive/texmf-dist/tex/generic/bitset/bitset.sty
Package: bitset 2019/12/09 v1.3 Handle bit-vector datatype (HO)

(/usr/share/texlive/texmf-dist/tex/generic/bigintcalc/bigintcalc.sty
Package: bigintcalc 2019/12/15 v1.5 Expandable calculations on big integers (HO
)
))
\Fld@menulength=\count328
\Field@Width=\dimen260
\Fld@charsize=\dimen261
Package hyperref Info: Hyper figures OFF on input line 6063.
Package hyperref Info: Link nesting OFF on input line 6068.
Package hyperref Info: Hyper index ON on input line 6071.
Package hyperref Info: backreferencing OFF on input line 6078.
Package hyperref Info: Link coloring OFF on input line 6083.
Package hyperref Info: Link coloring with OCG OFF on input line 6088.
Package hyperref Info: PDF/A mode OFF on input line 6093.

(/usr/share/texlive/texmf-dist/tex/latex/base/atbegshi-ltx.sty
Package: atbegshi-ltx 2021/01/10 v1.0c Emulation of the original atbegshi
package with kernel methods
)
\Hy@abspage=\count329
\c@Item=\count330
\c@Hfootnote=\count331
)
Package hyperref Info: Driver (autodetected): hxetex.

(/usr/share/texlive/texmf-dist/tex/latex/hyperref/hxetex.def
File: hxetex.def 2024-01-20 v7.01h Hyperref driver for XeTeX

(/usr/share/texlive/texmf-dist/tex/generic/stringenc/stringenc.sty
Package: stringenc 2019/11/29 v1.12 Convert strings between diff. encodings (HO
)
)
\pdfm@box=\box73
\c@Hy@AnnotLevel=\count332
\HyField@AnnotCount=\count333
\Fld@listcount=\count334
\c@bookmark@seq@number=\count335

(/usr/share/texlive/texmf-dist/tex/latex/rerunfilecheck/rerunfilecheck.sty
Package: rerunfilecheck 2022-07-10 v1.10 Rerun checks for auxiliary files (HO)

(/usr/share/texlive/texmf-dist/tex/latex/base/atveryend-ltx.sty
Package: atveryend-ltx 2020/08/19 v1.0a Emulation of the original atveryend pac
kage
with kernel methods
)
(/usr/share/texlive/texmf-dist/tex/generic/uniquecounter/uniquecounter.sty
Package: uniquecounter 2019/12/15 v1.4 Provide unlimited unique counter (HO)
)
Package uniquecounter Info: New unique counter `rerunfilecheck' on input line 2
85.
)
\Hy@SectionHShift=\skip75
)
(/usr/share/texlive/texmf-dist/tex/latex/pgf/frontendlayer/tikz.sty
(/usr/share/texlive/texmf-dist/tex/latex/pgf/basiclayer/pgf.sty
(/usr/share/texlive/texmf-dist/tex/latex/pgf/utilities/pgfrcs.sty
(/usr/share/texlive/texmf-dist/tex/generic/pgf/utilities/pgfutil-common.tex
\pgfutil@everybye=\toks40
\pgfutil@tempdima=\dimen262
\pgfutil@tempdimb=\dimen263
)
(/usr/share/texlive/texmf-dist/tex/generic/pgf/utilities/pgfutil-latex.def
\pgfutil@abb=\box74
)
(/usr/share/texlive/texmf-dist/tex/generic/pgf/utilities/pgfrcs.code.tex
(/usr/share/texlive/texmf-dist/tex/generic/pgf/pgf.revision.tex)
Package: pgfrcs 2023-01-15 v3.1.10 (3.1.10)
))
Package: pgf 2023-01-15 v3.1.10 (3.1.10)

(/usr/share/texlive/texmf-dist/tex/latex/pgf/basiclayer/pgfcore.sty
(/usr/share/texlive/texmf-dist/tex/latex/pgf/systemlayer/pgfsys.sty
(/usr/share/texlive/texmf-dist/tex/generic/pgf/systemlayer/pgfsys.code.tex
Package: pgfsys 2023-01-15 v3.1.10 (3.1.10)

(/usr/share/texlive/texmf-dist/tex/generic/pgf/utilities/pgfkeys.code.tex
\pgfkeys@pathtoks=\toks41
\pgfkeys@temptoks=\toks42

(/usr/share/texlive/texmf-dist/tex/generic/pgf/utilities/pgfkeyslibraryfiltered
.code.tex
\pgfkeys@tmptoks=\toks43
))
\pgf@x=\dimen264
\pgf@y=\dimen265
\pgf@xa=\dimen266
\pgf@ya=\dimen267
\pgf@xb=\dimen268
\pgf@yb=\dimen269
\pgf@xc=\dimen270
\pgf@yc=\dimen271
\pgf@xd=\dimen272
\pgf@yd=\dimen273
\w@pgf@writea=\write3
\r@pgf@reada=\read2
\c@pgf@counta=\count336
\c@pgf@countb=\count337
\c@pgf@countc=\count338
\c@pgf@countd=\count339
\t@pgf@toka=\toks44
\t@pgf@tokb=\toks45
\t@pgf@tokc=\toks46
\pgf@sys@id@count=\count340
 (/usr/share/texlive/texmf-dist/tex/generic/pgf/systemlayer/pgf.cfg
File: pgf.cfg 2023-01-15 v3.1.10 (3.1.10)
)
Driver file for pgf: pgfsys-xetex.def
(/usr/share/texlive/texmf-dist/tex/generic/pgf/systemlayer/pgfsys-xetex.def
File: pgfsys-xetex.def 2023-01-15 v3.1.10 (3.1.10)

(/usr/share/texlive/texmf-dist/tex/generic/pgf/systemlayer/pgfsys-dvipdfmx.def
File: pgfsys-dvipdfmx.def 2023-01-15 v3.1.10 (3.1.10)

(/usr/share/texlive/texmf-dist/tex/generic/pgf/systemlayer/pgfsys-common-pdf.de
f
File: pgfsys-common-pdf.def 2023-01-15 v3.1.10 (3.1.10)
)
\pgfsys@objnum=\count341
)))
(/usr/share/texlive/texmf-dist/tex/generic/pgf/systemlayer/pgfsyssoftpath.code.
tex
File: pgfsyssoftpath.code.tex 2023-01-15 v3.1.10 (3.1.10)
\pgfsyssoftpath@smallbuffer@items=\count342
\pgfsyssoftpath@bigbuffer@items=\count343
)
(/usr/share/texlive/texmf-dist/tex/generic/pgf/systemlayer/pgfsysprotocol.code.
tex
File: pgfsysprotocol.code.tex 2023-01-15 v3.1.10 (3.1.10)
))
(/usr/share/texlive/texmf-dist/tex/generic/pgf/basiclayer/pgfcore.code.tex
Package: pgfcore 2023-01-15 v3.1.10 (3.1.10)

(/usr/share/texlive/texmf-dist/tex/generic/pgf/math/pgfmath.code.tex
(/usr/share/texlive/texmf-dist/tex/generic/pgf/math/pgfmathutil.code.tex)
(/usr/share/texlive/texmf-dist/tex/generic/pgf/math/pgfmathparser.code.tex
\pgfmath@dimen=\dimen274
\pgfmath@count=\count344
\pgfmath@box=\box75
\pgfmath@toks=\toks47
\pgfmath@stack@operand=\toks48
\pgfmath@stack@operation=\toks49
)
(/usr/share/texlive/texmf-dist/tex/generic/pgf/math/pgfmathfunctions.code.tex)
(/usr/share/texlive/texmf-dist/tex/generic/pgf/math/pgfmathfunctions.basic.code
.tex)
(/usr/share/texlive/texmf-dist/tex/generic/pgf/math/pgfmathfunctions.trigonomet
ric.code.tex)
(/usr/share/texlive/texmf-dist/tex/generic/pgf/math/pgfmathfunctions.random.cod
e.tex)
(/usr/share/texlive/texmf-dist/tex/generic/pgf/math/pgfmathfunctions.comparison
.code.tex)
(/usr/share/texlive/texmf-dist/tex/generic/pgf/math/pgfmathfunctions.base.code.
tex)
(/usr/share/texlive/texmf-dist/tex/generic/pgf/math/pgfmathfunctions.round.code
.tex)
(/usr/share/texlive/texmf-dist/tex/generic/pgf/math/pgfmathfunctions.misc.code.
tex)
(/usr/share/texlive/texmf-dist/tex/generic/pgf/math/pgfmathfunctions.integerari
thmetics.code.tex)
(/usr/share/texlive/texmf-dist/tex/generic/pgf/math/pgfmathcalc.code.tex)
(/usr/share/texlive/texmf-dist/tex/generic/pgf/math/pgfmathfloat.code.tex
\c@pgfmathroundto@lastzeros=\count345
))
(/usr/share/texlive/texmf-dist/tex/generic/pgf/math/pgfint.code.tex)
(/usr/share/texlive/texmf-dist/tex/generic/pgf/basiclayer/pgfcorepoints.code.te
x
File: pgfcorepoints.code.tex 2023-01-15 v3.1.10 (3.1.10)
\pgf@picminx=\dimen275
\pgf@picmaxx=\dimen276
\pgf@picminy=\dimen277
\pgf@picmaxy=\dimen278
\pgf@pathminx=\dimen279
\pgf@pathmaxx=\dimen280
\pgf@pathminy=\dimen281
\pgf@pathmaxy=\dimen282
\pgf@xx=\dimen283
\pgf@xy=\dimen284
\pgf@yx=\dimen285
\pgf@yy=\dimen286
\pgf@zx=\dimen287
\pgf@zy=\dimen288
)
(/usr/share/texlive/texmf-dist/tex/generic/pgf/basiclayer/pgfcorepathconstruct.
code.tex
File: pgfcorepathconstruct.code.tex 2023-01-15 v3.1.10 (3.1.10)
\pgf@path@lastx=\dimen289
\pgf@path@lasty=\dimen290
)
(/usr/share/texlive/texmf-dist/tex/generic/pgf/basiclayer/pgfcorepathusage.code
.tex
File: pgfcorepathusage.code.tex 2023-01-15 v3.1.10 (3.1.10)
\pgf@shorten@end@additional=\dimen291
\pgf@shorten@start@additional=\dimen292
)
(/usr/share/texlive/texmf-dist/tex/generic/pgf/basiclayer/pgfcorescopes.code.te
x
File: pgfcorescopes.code.tex 2023-01-15 v3.1.10 (3.1.10)
\pgfpic=\box76
\pgf@hbox=\box77
\pgf@layerbox@main=\box78
\pgf@picture@serial@count=\count346
)
(/usr/share/texlive/texmf-dist/tex/generic/pgf/basiclayer/pgfcoregraphicstate.c
ode.tex
File: pgfcoregraphicstate.code.tex 2023-01-15 v3.1.10 (3.1.10)
\pgflinewidth=\dimen293
)
(/usr/share/texlive/texmf-dist/tex/generic/pgf/basiclayer/pgfcoretransformation
s.code.tex
File: pgfcoretransformations.code.tex 2023-01-15 v3.1.10 (3.1.10)
\pgf@pt@x=\dimen294
\pgf@pt@y=\dimen295
\pgf@pt@temp=\dimen296
)
(/usr/share/texlive/texmf-dist/tex/generic/pgf/basiclayer/pgfcorequick.code.tex
File: pgfcorequick.code.tex 2023-01-15 v3.1.10 (3.1.10)
)
(/usr/share/texlive/texmf-dist/tex/generic/pgf/basiclayer/pgfcoreobjects.code.t
ex
File: pgfcoreobjects.code.tex 2023-01-15 v3.1.10 (3.1.10)
)
(/usr/share/texlive/texmf-dist/tex/generic/pgf/basiclayer/pgfcorepathprocessing
.code.tex
File: pgfcorepathprocessing.code.tex 2023-01-15 v3.1.10 (3.1.10)
)
(/usr/share/texlive/texmf-dist/tex/generic/pgf/basiclayer/pgfcorearrows.code.te
x
File: pgfcorearrows.code.tex 2023-01-15 v3.1.10 (3.1.10)
\pgfarrowsep=\dimen297
)
(/usr/share/texlive/texmf-dist/tex/generic/pgf/basiclayer/pgfcoreshade.code.tex
File: pgfcoreshade.code.tex 2023-01-15 v3.1.10 (3.1.10)
\pgf@max=\dimen298
\pgf@sys@shading@range@num=\count347
\pgf@shadingcount=\count348
)
(/usr/share/texlive/texmf-dist/tex/generic/pgf/basiclayer/pgfcoreimage.code.tex
File: pgfcoreimage.code.tex 2023-01-15 v3.1.10 (3.1.10)
)
(/usr/share/texlive/texmf-dist/tex/generic/pgf/basiclayer/pgfcoreexternal.code.
tex
File: pgfcoreexternal.code.tex 2023-01-15 v3.1.10 (3.1.10)
\pgfexternal@startupbox=\box79
)
(/usr/share/texlive/texmf-dist/tex/generic/pgf/basiclayer/pgfcorelayers.code.te
x
File: pgfcorelayers.code.tex 2023-01-15 v3.1.10 (3.1.10)
)
(/usr/share/texlive/texmf-dist/tex/generic/pgf/basiclayer/pgfcoretransparency.c
ode.tex
File: pgfcoretransparency.code.tex 2023-01-15 v3.1.10 (3.1.10)
)
(/usr/share/texlive/texmf-dist/tex/generic/pgf/basiclayer/pgfcorepatterns.code.
tex
File: pgfcorepatterns.code.tex 2023-01-15 v3.1.10 (3.1.10)
)
(/usr/share/texlive/texmf-dist/tex/generic/pgf/basiclayer/pgfcorerdf.code.tex
File: pgfcorerdf.code.tex 2023-01-15 v3.1.10 (3.1.10)
)))
(/usr/share/texlive/texmf-dist/tex/generic/pgf/modules/pgfmoduleshapes.code.tex
File: pgfmoduleshapes.code.tex 2023-01-15 v3.1.10 (3.1.10)
\pgfnodeparttextbox=\box80
) (/usr/share/texlive/texmf-dist/tex/generic/pgf/modules/pgfmoduleplot.code.tex
File: pgfmoduleplot.code.tex 2023-01-15 v3.1.10 (3.1.10)
)
(/usr/share/texlive/texmf-dist/tex/latex/pgf/compatibility/pgfcomp-version-0-65
.sty
Package: pgfcomp-version-0-65 2023-01-15 v3.1.10 (3.1.10)
\pgf@nodesepstart=\dimen299
\pgf@nodesepend=\dimen300
)
(/usr/share/texlive/texmf-dist/tex/latex/pgf/compatibility/pgfcomp-version-1-18
.sty
Package: pgfcomp-version-1-18 2023-01-15 v3.1.10 (3.1.10)
)) (/usr/share/texlive/texmf-dist/tex/latex/pgf/utilities/pgffor.sty
(/usr/share/texlive/texmf-dist/tex/latex/pgf/utilities/pgfkeys.sty
(/usr/share/texlive/texmf-dist/tex/generic/pgf/utilities/pgfkeys.code.tex))
(/usr/share/texlive/texmf-dist/tex/latex/pgf/math/pgfmath.sty
(/usr/share/texlive/texmf-dist/tex/generic/pgf/math/pgfmath.code.tex))
(/usr/share/texlive/texmf-dist/tex/generic/pgf/utilities/pgffor.code.tex
Package: pgffor 2023-01-15 v3.1.10 (3.1.10)
\pgffor@iter=\dimen301
\pgffor@skip=\dimen302
\pgffor@stack=\toks50
\pgffor@toks=\toks51
))
(/usr/share/texlive/texmf-dist/tex/generic/pgf/frontendlayer/tikz/tikz.code.tex
Package: tikz 2023-01-15 v3.1.10 (3.1.10)

(/usr/share/texlive/texmf-dist/tex/generic/pgf/libraries/pgflibraryplothandlers
.code.tex
File: pgflibraryplothandlers.code.tex 2023-01-15 v3.1.10 (3.1.10)
\pgf@plot@mark@count=\count349
\pgfplotmarksize=\dimen303
)
\tikz@lastx=\dimen304
\tikz@lasty=\dimen305
\tikz@lastxsaved=\dimen306
\tikz@lastysaved=\dimen307
\tikz@lastmovetox=\dimen308
\tikz@lastmovetoy=\dimen309
\tikzleveldistance=\dimen310
\tikzsiblingdistance=\dimen311
\tikz@figbox=\box81
\tikz@figbox@bg=\box82
\tikz@tempbox=\box83
\tikz@tempbox@bg=\box84
\tikztreelevel=\count350
\tikznumberofchildren=\count351
\tikznumberofcurrentchild=\count352
\tikz@fig@count=\count353

(/usr/share/texlive/texmf-dist/tex/generic/pgf/modules/pgfmodulematrix.code.tex
File: pgfmodulematrix.code.tex 2023-01-15 v3.1.10 (3.1.10)
\pgfmatrixcurrentrow=\count354
\pgfmatrixcurrentcolumn=\count355
\pgf@matrix@numberofcolumns=\count356
)
\tikz@expandcount=\count357

(/usr/share/texlive/texmf-dist/tex/generic/pgf/frontendlayer/tikz/libraries/tik
zlibrarytopaths.code.tex
File: tikzlibrarytopaths.code.tex 2023-01-15 v3.1.10 (3.1.10)
)))
(/usr/share/texlive/texmf-dist/tex/generic/pgf/frontendlayer/tikz/libraries/tik
zlibrarysvg.path.code.tex
File: tikzlibrarysvg.path.code.tex 2023-01-15 v3.1.10 (3.1.10)

(/usr/share/texlive/texmf-dist/tex/generic/pgf/libraries/pgflibrarysvg.path.cod
e.tex
File: pgflibrarysvg.path.code.tex 2023-01-15 v3.1.10 (3.1.10)

(/usr/share/texlive/texmf-dist/tex/generic/pgf/modules/pgfmoduleparser.code.tex
File: pgfmoduleparser.code.tex 2023-01-15 v3.1.10 (3.1.10)
\pgfparserdef@arg@count=\count358
)
\pgf@lib@svg@last@x=\dimen312
\pgf@lib@svg@last@y=\dimen313
\pgf@lib@svg@last@c@x=\dimen314
\pgf@lib@svg@last@c@y=\dimen315
\pgf@lib@svg@count=\count359
\pgf@lib@svg@max@num=\count360
))
(/usr/share/texlive/texmf-dist/tex/generic/pgf/frontendlayer/tikz/libraries/tik
zlibrarydecorations.markings.code.tex
(/usr/share/texlive/texmf-dist/tex/generic/pgf/frontendlayer/tikz/libraries/tik
zlibrarydecorations.code.tex
(/usr/share/texlive/texmf-dist/tex/generic/pgf/modules/pgfmoduledecorations.cod
e.tex
\pgfdecoratedcompleteddistance=\dimen316
\pgfdecoratedremainingdistance=\dimen317
\pgfdecoratedinputsegmentcompleteddistance=\dimen318
\pgfdecoratedinputsegmentremainingdistance=\dimen319
\pgf@decorate@distancetomove=\dimen320
\pgf@decorate@repeatstate=\count361
\pgfdecorationsegmentamplitude=\dimen321
\pgfdecorationsegmentlength=\dimen322
)
\tikz@lib@dec@box=\box85
)
(/usr/share/texlive/texmf-dist/tex/generic/pgf/libraries/decorations/pgflibrary
decorations.markings.code.tex))
\@curXheight=\skip76
\c@boxnumcnt=\count362

(/usr/share/texlive/texmf-dist/tex/latex/silence/silence.sty
Package: silence 2012/07/02 v1.5b Selective filtering of warnings and error mes
sages
\sl@Save=\count363
\sl@StateNumber=\count364
\sl@MessageCount=\count365
\sl@Casualties=\count366
\sl@Filter=\toks52
\sl@Message=\toks53
\sl@UnexpandedMessage=\toks54
\sl@Mess@ge=\toks55
\sl@WarningCount=\count367
\sl@WarningNumber=\count368
\sl@WarningCasualties=\count369
\sl@TempBOW=\toks56
\sl@BankOfWarnings=\toks57
LaTeX Info: Redefining \GenericWarning on input line 433.
\sl@ErrorCount=\count370
\sl@ErrorNumber=\count371
\sl@ErrorCasualties=\count372
\sl@TempBOE=\toks58
\sl@BankOfErrors=\toks59
LaTeX Info: Redefining \GenericError on input line 601.
)
runsystem(texcount -total -inc main.tex > wordcount.txt)...disabled (restricted
).

)
(/usr/share/texlive/texmf-dist/tex/latex/tools/longtable.sty
Package: longtable 2023-11-01 v4.19 Multi-page Table package (DPC)
\LTleft=\skip77
\LTright=\skip78
\LTpre=\skip79
\LTpost=\skip80
\LTchunksize=\count373
\LTcapwidth=\dimen323
\LT@head=\box86
\LT@firsthead=\box87
\LT@foot=\box88
\LT@lastfoot=\box89
\LT@gbox=\box90
\LT@cols=\count374
\LT@rows=\count375
\c@LT@tables=\count376
\c@LT@chunks=\count377
\LT@p@ftn=\toks60
)
(/usr/share/texlive/texmf-dist/tex/latex/tcolorbox/tcolorbox.sty
Package: tcolorbox 2024/01/10 version 6.2.0 text color boxes

(/usr/share/texlive/texmf-dist/tex/latex/tools/verbatim.sty
Package: verbatim 2023-11-06 v1.5v LaTeX2e package for verbatim enhancements
\every@verbatim=\toks61
\verbatim@line=\toks62
\verbatim@in@stream=\read3
)
(/usr/share/texlive/texmf-dist/tex/latex/environ/environ.sty
Package: environ 2014/05/04 v0.3 A new way to define environments

(/usr/share/texlive/texmf-dist/tex/latex/trimspaces/trimspaces.sty
Package: trimspaces 2009/09/17 v1.1 Trim spaces around a token list
))
\tcb@titlebox=\box91
\tcb@upperbox=\box92
\tcb@lowerbox=\box93
\tcb@phantombox=\box94
\c@tcbbreakpart=\count378
\c@tcblayer=\count379
\c@tcolorbox@number=\count380
\l__tcobox_tmpa_box=\box95
\l__tcobox_tmpa_dim=\dimen324
\tcb@temp=\box96
\tcb@temp=\box97
\tcb@temp=\box98
\tcb@temp=\box99
)
(/usr/share/texlive/texmf-dist/tex/latex/l3backend/l3backend-xetex.def
File: l3backend-xetex.def 2024-01-04 L3 backend support: XeTeX
\g__graphics_track_int=\count381
\l__pdf_internal_box=\box100
\g__pdf_backend_object_int=\count382
\g__pdf_backend_annotation_int=\count383
\g__pdf_backend_link_int=\count384
)

LaTeX Warning: Unused global option(s):
    [unnumsec,webpdf,contemporary,large].

(./main.aux)
\openout1 = `main.aux'.

LaTeX Font Info:    Checking defaults for OML/cmm/m/it on input line 16.
LaTeX Font Info:    ... okay on input line 16.
LaTeX Font Info:    Checking defaults for OMS/cmsy/m/n on input line 16.
LaTeX Font Info:    ... okay on input line 16.
LaTeX Font Info:    Checking defaults for OT1/cmr/m/n on input line 16.
LaTeX Font Info:    ... okay on input line 16.
LaTeX Font Info:    Checking defaults for T1/cmr/m/n on input line 16.
LaTeX Font Info:    ... okay on input line 16.
LaTeX Font Info:    Checking defaults for TS1/cmr/m/n on input line 16.
LaTeX Font Info:    ... okay on input line 16.
LaTeX Font Info:    Checking defaults for TU/lmr/m/n on input line 16.
LaTeX Font Info:    ... okay on input line 16.
LaTeX Font Info:    Checking defaults for OMX/cmex/m/n on input line 16.
LaTeX Font Info:    ... okay on input line 16.
LaTeX Font Info:    Checking defaults for U/cmr/m/n on input line 16.
LaTeX Font Info:    ... okay on input line 16.
LaTeX Font Info:    Checking defaults for PD1/pdf/m/n on input line 16.
LaTeX Font Info:    ... okay on input line 16.
LaTeX Font Info:    Checking defaults for PU/pdf/m/n on input line 16.
LaTeX Font Info:    ... okay on input line 16.
Package crop Info: using `pdftex' graphics driver on input line 16.
Package caption Info: Begin \AtBeginDocument code.
Package caption Info: float package is loaded.
Package caption Info: hyperref package is loaded.
Package caption Info: listings package is loaded.
Package caption Info: longtable package is loaded.
 (/usr/share/texlive/texmf-dist/tex/latex/caption/ltcaption.sty
Package: ltcaption 2021/01/08 v1.4c longtable captions (AR)
)
Package caption Info: rotating package is loaded.
Package caption Info: wrapfig package is loaded.
Package caption Info: End \AtBeginDocument code.
LaTeX Font Info:    Redeclaring symbol font `AMSa' on input line 16.
LaTeX Font Info:    Overwriting symbol font `AMSa' in version `normal'
(Font)                  U/msa/m/n --> U/msa/m/n on input line 16.
LaTeX Font Info:    Overwriting symbol font `AMSa' in version `bold'
(Font)                  U/msa/m/n --> U/msa/m/n on input line 16.

(/usr/share/texlive/texmf-dist/tex/latex/anyfontsize/anyfontsize.sty
Invalid UTF-8 byte or sequence at line 3 replaced by U+FFFD.
Invalid UTF-8 byte or sequence at line 3 replaced by U+FFFD.
Package: anyfontsize 2007/11/22 anyfontsize.sty by pts
)
\c@lstlisting=\count385
Package hyperref Info: Link coloring OFF on input line 16.

(./main.out) (./main.out)
\@outlinefile=\write4
\openout4 = `main.out'.

LaTeX Font Info:    Calculating math sizes for size <12.045> on input line 45.
LaTeX Font Info:    Trying to load font information for U+msa on input line 45.


(/usr/share/texlive/texmf-dist/tex/latex/amsfonts/umsa.fd
File: umsa.fd 2013/01/14 v3.01 AMS symbols A
)
LaTeX Font Info:    Trying to load font information for U+msb on input line 45.


(/usr/share/texlive/texmf-dist/tex/latex/amsfonts/umsb.fd
File: umsb.fd 2013/01/14 v3.01 AMS symbols B
)
LaTeX Font Info:    Trying to load font information for U+rsfs on input line 45
.

(/usr/share/texlive/texmf-dist/tex/latex/jknapltx/ursfs.fd
File: ursfs.fd 1998/03/24 rsfs font definition file (jk)
)
LaTeX Font Info:    Calculating math sizes for size <8.43146> on input line 45.

LaTeX Font Info:    Calculating math sizes for size <7.02625> on input line 45.


! Undefined control sequence.
<argument> \city 
                 {Hengyang}, \postcode {421001}, \country {China}
l.45 
     
The control sequence at the end of the top line
of your error message was never \def'ed. If you have
misspelled it (e.g., `\hobx'), type `I' and the correct
spelling (e.g., `I\hbox'). Otherwise just continue,
and I'll forget about whatever was undefined.

! Undefined control sequence.
<argument> \city 
                 {Hengyang}, \postcode {421001}, \country {China}
l.45 
     
The control sequence at the end of the top line
of your error message was never \def'ed. If you have
misspelled it (e.g., `\hobx'), type `I' and the correct
spelling (e.g., `I\hbox'). Otherwise just continue,
and I'll forget about whatever was undefined.

LaTeX Font Info:    Calculating math sizes for size <4.91833> on input line 45.

LaTeX Font Info:    Font shape `TU/lmss/b/n' in size <12.045> not available
(Font)              Font shape `TU/lmss/bx/n' tried instead on input line 45.
LaTeX Font Info:    Font shape `TU/lmss/b/n' in size <8.03> not available
(Font)              Font shape `TU/lmss/bx/n' tried instead on input line 45.
LaTeX Font Info:    Font shape `TU/lmss/b/it' in size <8.03> not available
(Font)              Font shape `TU/lmss/bx/it' tried instead on input line 45.
LaTeX Font Info:    Font shape `TU/lmss/bx/it' in size <8.03> not available
(Font)              Font shape `TU/lmss/bx/sl' tried instead on input line 45.
(./chapters/01-intro.tex
Overfull \hbox (2.54337pt too wide) in paragraph at lines 4--5
\TU/lmr/m/n/8.03 expression measurements, allowing direct study of microenviron
ments,
 []


Underfull \hbox (badness 3386) in paragraph at lines 6--7
[]\TU/lmr/m/n/8.03 However, the most widely adopted spatial transcriptomics
 []


Underfull \vbox (badness 10000) has occurred while \output is active []


Underfull \hbox (badness 1215) in paragraph at lines 12--14
\TU/lmr/m/n/8.03 treatment of the full four-stage pipeline for enhancing spatia
l
 []


Overfull \hbox (9.34215pt too wide) in paragraph at lines 14--15
[]\TU/lmr/bx/n/8.03 Stage I\TU/lmr/m/n/8.03 : Spot-level deconvolution—estimati
ng cell-type proportions
 []


Underfull \vbox (badness 10000) has occurred while \output is active []

LaTeX Font Info:    Font shape `TU/lmss/m/it' in size <8.03> not available
(Font)              Font shape `TU/lmss/m/sl' tried instead on input line 17.
LaTeX Font Info:    Calculating math sizes for size <8.03> on input line 17.

Overfull \hbox (11.38107pt too wide) has occurred while \output is active
[][][] []
 []

[1



]) (./chapters/02-background.tex
Underfull \hbox (badness 1152) in paragraph at lines 22--1
\TU/lmr/m/n/8.03 introduces spatial transcriptomics platforms and formalises th
e
 []


Underfull \hbox (badness 1178) in paragraph at lines 22--1
\TU/lmr/m/n/8.03 provides unified comparison and practical guidance. Section []
8[]
 []


Underfull \hbox (badness 2744) in paragraph at lines 8--9
\TU/lmr/m/n/8.03 Sequencing-based ST captures mRNA molecules via spatially
 []


Underfull \hbox (badness 5119) in paragraph at lines 8--9
\TU/lmr/m/n/8.03 barcoded oligonucleotide arrays, followed by next-generation
 []

(./tables/tab1-platforms.tex
LaTeX Font Info:    Calculating math sizes for size <7.52812> on input line 5.
LaTeX Font Info:    Font shape `TU/lmss/m/it' in size <7.52812> not available
(Font)              Font shape `TU/lmss/m/sl' tried instead on input line 9.

! Undefined control sequence.
<recently read> \bottomrule 
                            
l.20 \bottomrule
                
The control sequence at the end of the top line
of your error message was never \def'ed. If you have
misspelled it (e.g., `\hobx'), type `I' and the correct
spelling (e.g., `I\hbox'). Otherwise just continue,
and I'll forget about whatever was undefined.

)) (./chapters/03-stage1-deconv.tex
Underfull \hbox (badness 2460) in paragraph at lines 4--5
\TU/lmr/m/n/8.03 beyond spot level is \TU/lmr/m/it/8.03 spot-level deconvolutio
n\TU/lmr/m/n/8.03 : estimating the
 []

[2]
Underfull \hbox (badness 4467) in paragraph at lines 13--14
\TU/lmr/m/n/8.03 Probabilistic approaches treat deconvolution as a generative
 []


Underfull \hbox (badness 5274) in paragraph at lines 17--18
\TU/lmr/m/n/8.03 as maximum-likelihood estimation under a negative-binomial
 []


Underfull \hbox (badness 1087) in paragraph at lines 25--26
\TU/lmr/m/n/8.03 Regression methods cast deconvolution as a constrained linear
 []


Underfull \hbox (badness 2707) in paragraph at lines 31--32
\TU/lmr/m/n/8.03 weighted least-squares approach originally developed for bulk
 []


Underfull \hbox (badness 1496) in paragraph at lines 43--44
\TU/lmr/m/n/8.03 comparison criteria, and the resulting topics require post-hoc

 []


Underfull \vbox (badness 10000) has occurred while \output is active []

 [3])
(./chapters/04-stage2-mapping.tex
Underfull \hbox (badness 6016) in paragraph at lines 4--5
\TU/lmr/m/n/8.03 Single-cell mapping addresses a complementary question to
 []


Underfull \hbox (badness 2698) in paragraph at lines 8--9
\TU/lmr/m/n/8.03 Tangram ([]Biancalani et al.[], []2021[]) formulates mapping a
s a
 []


Underfull \hbox (badness 2591) in paragraph at lines 18--19
\TU/lmr/m/n/8.03 means errors in the co-embedding propagate into coordinate
 []


Underfull \hbox (badness 1226) in paragraph at lines 22--23
\TU/lmr/m/n/8.03 CytoSPACE ([]Vahid et al.[], []2023[]) frames mapping as a lin
ear
 []

[4]
Underfull \hbox (badness 1097) in paragraph at lines 32--33
\TU/lmr/m/n/8.03 from image segmentation or from deconvolution—propagate
 []


Underfull \hbox (badness 2818) in paragraph at lines 33--34
\TU/lmr/m/n/8.03 transcriptomes (e.g., fibroblast subtypes), the assignment
 []

) (./chapters/05-stage3-reconstruction.tex
Underfull \hbox (badness 1406) in paragraph at lines 38--1
\TU/lmr/m/n/8.03 placement to reconstruct spatially informed per-cell expressio
n
 []


Underfull \hbox (badness 2384) in paragraph at lines 18--19
\TU/lmr/m/n/8.03 Generative methods learn a probabilistic model of single-cell
 []


Underfull \hbox (badness 3250) in paragraph at lines 20--21
\TU/lmr/m/n/8.03 iteratively denoises latent representations to produce per-cel
l
 []


Underfull \hbox (badness 2875) in paragraph at lines 28--29
\TU/lmr/m/n/8.03 derived cell-density priors. The optimal-transport formulation

 []


Underfull \hbox (badness 2057) in paragraph at lines 30--31
\TU/lmr/m/n/8.03 approach. Starting from an initial reconstruction (e.g., from
 []


Underfull \hbox (badness 1152) in paragraph at lines 30--31
\TU/lmr/m/n/8.03 with both molecular and morphological evidence. CellRefiner’s
 []

(./boxes/box1-can-cannot.tex
Underfull \hbox (badness 10000) in paragraph at lines 7--8
[]\TU/lmr/m/n/8.03 Co-occurrence patterns of cell types within
 []


Underfull \hbox (badness 7221) in paragraph at lines 20--21
[]\TU/lmr/m/n/8.03 Rare cell-type contributions when $\OML/cmm/m/it/8.03 <$\TU/
lmr/m/n/8.03 5% of spot
 []


Underfull \hbox (badness 5245) in paragraph at lines 25--26
[]\TU/lmr/m/n/8.03 Treat reconstructed cells as model outputs, not
 []

)
Underfull \vbox (badness 10000) has occurred while \output is active []

 [5]
Overfull \hbox (1.78854pt too wide) in paragraph at lines 40--41
\TU/lmr/m/n/8.03 annotated single cells into synthetic spots, running reconstru
ction,
 []


Underfull \hbox (badness 2401) in paragraph at lines 41--42
[]\TU/lmr/bx/n/8.03 Downstream biological consistency\TU/lmr/m/n/8.03 : assessi
ng whether
 []


Underfull \hbox (badness 6725) in paragraph at lines 41--42
\TU/lmr/m/n/8.03 whether ligand–receptor pairs are correctly localised to
 []


Underfull \hbox (badness 2990) in paragraph at lines 41--42
\TU/lmr/m/n/8.03 interacting cell types, or whether spatial gene-expression
 []


Underfull \hbox (badness 2735) in paragraph at lines 44--45
\TU/lmr/m/n/8.03 where RMSE and JSD on proportions are widely accepted,
 []


Underfull \hbox (badness 3118) in paragraph at lines 46--47
[]\TU/lmr/m/n/8.03 We caution that reconstructed cells should be treated as
 []


Underfull \hbox (badness 2591) in paragraph at lines 50--51
\TU/lmr/m/n/8.03 Pseudo single-cell reconstruction has been applied to several
 []


Underfull \hbox (badness 1442) in paragraph at lines 52--53
\TU/lmr/m/n/8.03 immune cells, fibroblasts, and malignant cells co-exist within

 []


Underfull \hbox (badness 7613) in paragraph at lines 52--53
\TU/lmr/m/n/8.03 resolution, identification of immunosuppressive niches (e.g.,
 []

) (./chapters/06-stage4-multimodal.tex
Underfull \hbox (badness 4805) in paragraph at lines 4--5
\TU/lmr/m/n/8.03 Spatial transcriptomics experiments routinely produce paired
 []


Overfull \hbox (9.30997pt too wide) in paragraph at lines 4--5
\TU/lmr/m/n/8.03 histology images (haematoxylin and eosin stains or immunofluor
escence)
 []


Underfull \hbox (badness 4886) in paragraph at lines 10--11
\TU/lmr/m/n/8.03 to H&E or DAPI-stained images co-registered with spatial
 []


Underfull \hbox (badness 1178) in paragraph at lines 10--11
\TU/lmr/m/n/8.03 transcriptomics slides, it produces per-spot nuclei counts tha
t
 []

[6]
Underfull \hbox (badness 2635) in paragraph at lines 22--23
[]\TU/lmr/bx/n/8.03 SegDecon \TU/lmr/m/n/8.03 integrates segmentation masks dir
ectly into the
 []


Underfull \hbox (badness 3168) in paragraph at lines 32--33
[]\TU/lmr/m/n/8.03 Graph-based smoothing constructs a $\OML/cmm/m/it/8.03 k$\TU
/lmr/m/n/8.03 -nearest-neighbour or
 []


Underfull \vbox (badness 10000) has occurred while \output is active []


Underfull \hbox (badness 1721) in paragraph at lines 41--42
[]\TU/lmr/bx/n/8.03 Cross-platform anchoring\TU/lmr/m/n/8.03 : using the shared
 gene panel
 []

) (./chapters/07-comparison.tex (./tables/tab3-benchmark.tex
! Undefined control sequence.
<recently read> \bottomrule 
                            
l.29 \bottomrule
                
The control sequence at the end of the top line
of your error message was never \def'ed. If you have
misspelled it (e.g., `\hobx'), type `I' and the correct
spelling (e.g., `I\hbox'). Otherwise just continue,
and I'll forget about whatever was undefined.


Overfull \hbox (38.18187pt too wide) in paragraph at lines 5--31
 [][] 
 []

)
Underfull \vbox (badness 10000) has occurred while \output is active []

 [7]
Underfull \hbox (badness 2057) in paragraph at lines 26--27
[]\TU/lmr/m/n/8.03 For Stage III, evaluation is hampered by the scarcity of
 []


Underfull \hbox (badness 1742) in paragraph at lines 27--28
\TU/lmr/m/n/8.03 whether a Stage III reconstruction outperforms a Stage I
 []


Underfull \hbox (badness 4726) in paragraph at lines 27--28
\TU/lmr/m/n/8.03 deconvolution followed by Stage II mapping for specific
 []

(./boxes/box2-decision.tex
Underfull \hbox (badness 1852) in paragraph at lines 7--8
[]  $\OMS/cmsy/m/n/8.03 !$ \TU/lmr/bx/n/8.03 No\TU/lmr/m/n/8.03 : Use reference
-free methods (STdeconvolve,
 []


Underfull \hbox (badness 2529) in paragraph at lines 13--14
[]  $\OMS/cmsy/m/n/8.03 !$ \TU/lmr/bx/n/8.03 Cell-type proportions per spot \TU
/lmr/m/n/8.03 (Stage I):
 []


Underfull \hbox (badness 10000) in paragraph at lines 15--16
[]  $\OMS/cmsy/m/n/8.03 !$ \TU/lmr/bx/n/8.03 Spatially mapped cells \TU/lmr/m/n
/8.03 (Stage II): Use
 []


Underfull \hbox (badness 4505) in paragraph at lines 23--24
\TU/lmr/bx/n/8.03 CellRefiner \TU/lmr/m/n/8.03 for image-guided reconstruction.
 Supply
 []


Underfull \hbox (badness 3312) in paragraph at lines 25--26
[]  $\OMS/cmsy/m/n/8.03 !$ \TU/lmr/bx/n/8.03 No\TU/lmr/m/n/8.03 : Rely on expre
ssion-based methods. Use
 []


Underfull \hbox (badness 8094) in paragraph at lines 31--32
[]  $\OMS/cmsy/m/n/8.03 !$ \TU/lmr/bx/n/8.03 Well-structured\TU/lmr/m/n/8.03 : 
Add \TU/lmr/bx/n/8.03 CARD \TU/lmr/m/n/8.03 for spatial
 []


Underfull \hbox (badness 5862) in paragraph at lines 33--34
[]  $\OMS/cmsy/m/n/8.03 !$ \TU/lmr/bx/n/8.03 Heterogeneous\TU/lmr/m/n/8.03 : Av
oid over-smoothing. Use
 []

)
Underfull \vbox (badness 10000) has occurred while \output is active []

 [8]
Underfull \hbox (badness 2103) in paragraph at lines 46--47
\TU/lmr/m/n/8.03 model technology differences (RCTD, cell2location) should be
 []

) (./chapters/08-limitations.tex
Underfull \hbox (badness 1360) in paragraph at lines 50--1
[]\TU/lmr/bx/n/8.03 Neglecting cell-count uncertainty. \TU/lmr/m/n/8.03 Methods
 that require
 []


Underfull \hbox (badness 1997) in paragraph at lines 4--5
\TU/lmr/m/n/8.03 Five fundamental challenges remain unresolved and limit the
 []


Underfull \hbox (badness 1028) in paragraph at lines 12--14
[]\TU/lmr/bx/n/8.03 3. Technology and batch effects. \TU/lmr/m/n/8.03 Systemati
c differences
 []


Underfull \hbox (badness 6364) in paragraph at lines 12--14
\TU/lmr/m/n/8.03 between scRNA-seq and spatial capture—in gene detection
 []


Underfull \hbox (badness 7397) in paragraph at lines 12--14
\TU/lmr/m/n/8.03 sensitivity, 3$[]$ bias, UMI saturation, and ambient RNA
 []


Underfull \hbox (badness 1127) in paragraph at lines 15--17
\TU/lmr/m/n/8.03 upon evaluation protocols. Published benchmarks use different
 []


Underfull \hbox (badness 3838) in paragraph at lines 15--17
\TU/lmr/m/n/8.03 datasets, metrics, preprocessing pipelines, and ground-truth
 []

) (./chapters/09-future.tex
Underfull \hbox (badness 4441) in paragraph at lines 18--1
\TU/lmr/m/n/8.03 differential expression, trajectory inference). This creates a

 []


Underfull \hbox (badness 2582) in paragraph at lines 6--8
[]\TU/lmr/bx/n/8.03 1. Foundation models for spatial omics. \TU/lmr/m/n/8.03 La
rge-scale
 []


Overfull \hbox (1.41917pt too wide) in paragraph at lines 9--10
[]\TU/lmr/m/n/8.03 Among these, Nicheformer explicitly encodes spatial neighbou
rhood
 []


Underfull \hbox (badness 1057) in paragraph at lines 11--13
\TU/lmr/m/n/8.03 types, potentially rendering traditional spot-level deconvolut
ion
 []


Underfull \hbox (badness 2269) in paragraph at lines 11--13
\TU/lmr/m/n/8.03 unnecessary. Yet computational challenges persist: at 2 µm,
 []


Underfull \hbox (badness 1515) in paragraph at lines 11--13
\TU/lmr/m/n/8.03 individual bins capture very few UMIs, requiring aggregation
 []


Underfull \hbox (badness 3417) in paragraph at lines 11--13
\TU/lmr/m/n/8.03 or imputation to achieve reliable expression estimates. The
 []


Underfull \hbox (badness 1360) in paragraph at lines 17--19
\TU/lmr/m/n/8.03 to the Open Problems in Single-Cell Analysis initiative. Key
 []

[9]
Underfull \hbox (badness 1072) in paragraph at lines 20--22
\TU/lmr/m/n/8.03 chromatin accessibility (spatial ATAC-seq), and metabolites in

 []


Underfull \hbox (badness 1331) in paragraph at lines 20--22
\TU/lmr/m/n/8.03 spatial context. Integrating these modalities computationally—

 []


Underfull \hbox (badness 1394) in paragraph at lines 20--22
\TU/lmr/m/n/8.03 will require new multi-modal frameworks that go beyond the
 []

) (./chapters/10-conclusion.tex
Underfull \hbox (badness 1478) in paragraph at lines 23--1
[]\TU/lmr/bx/n/8.03 6. Computational cost and accessibility. \TU/lmr/m/n/8.03 M
any recent
 []


Underfull \hbox (badness 1796) in paragraph at lines 23--1
\TU/lmr/m/n/8.03 must scale to hospital-grade hardware and turnaround times.
 []


Underfull \hbox (badness 1990) in paragraph at lines 7--8
[]\TU/lmr/bx/n/8.03 Single-cell resolution from spot data is achievable
 []


Underfull \hbox (badness 5189) in paragraph at lines 11--12
[]\TU/lmr/bx/n/8.03 Pseudo single-cell reconstruction is powerful but
 []


Underfull \hbox (badness 4316) in paragraph at lines 13--14
[]\TU/lmr/bx/n/8.03 Validation and benchmarking lag behind method
 []


Underfull \hbox (badness 1205) in paragraph at lines 13--14
\TU/lmr/bx/n/8.03 development. \TU/lmr/m/n/8.03 The field needs standardised da
tasets with
 []


Overfull \hbox (17.42838pt too wide) in paragraph at lines 15--16
[]\TU/lmr/bx/n/8.03 Higher-resolution platforms will not eliminate computationa
l
 []


Underfull \hbox (badness 2368) in paragraph at lines 15--16
\TU/lmr/m/n/8.03 rather than solve the resolution problem, and the large
 []


Underfull \hbox (badness 1275) in paragraph at lines 15--16
\TU/lmr/m/n/8.03 computational enhancement. Meanwhile, the integration of
 []


Underfull \vbox (badness 10000) has occurred while \output is active []

)
(./main.bbl
Underfull \hbox (badness 2181) in paragraph at lines 11--16
\TU/lmr/m/n/7.77905 J. Fernández Navarro, and J. Lundeberg.  Single-cell and
 []


Underfull \hbox (badness 1960) in paragraph at lines 94--100
\TU/lmr/m/n/7.77905 J. Baskin, et al.  High resolution mapping of the tumor
 []

[10]
Underfull \hbox (badness 1436) in paragraph at lines 161--165
[]\TU/lmr/m/n/7.77905 U. Schmidt, M. Weigert, C. Broaddus, and G. Myers.  Cell
 []


Underfull \hbox (badness 6625) in paragraph at lines 167--171
[]\TU/lmr/m/n/7.77905 C. Shengquan et al.  Spatialscope: single-cell-level spat
ial
 []


Underfull \vbox (badness 10000) has occurred while \output is active []

)
[leftcolumn badness]: 1000000 on 11.04124pt
[rightcolumn badness]: 1000000 on 11.04124pt
[leftcolumn badness]: 1000000 on 11.04124pt
[rightcolumn badness]: 1000000 on 11.04124pt
[leftcolumn badness]: 1000000 on 11.04124pt
[rightcolumn badness]: 1000000 on 11.04124pt
[leftcolumn badness]: 1000000 on 11.04124pt
[rightcolumn badness]: 1000000 on 11.04124pt
[leftcolumn badness]: 1000000 on 11.04124pt
[rightcolumn badness]: 1000000 on 11.04124pt
[leftcolumn badness]: 1000000 on 11.04124pt
[rightcolumn badness]: 1000000 on 11.04124pt
[leftcolumn badness]: 1000000 on 11.04124pt
[rightcolumn badness]: 1000000 on 11.04124pt
[leftcolumn badness]: 1000000 on 11.04124pt
[rightcolumn badness]: 1000000 on 11.04124pt
[leftcolumn badness]: 1000000 on 11.04124pt
[rightcolumn badness]: 1000000 on 11.04124pt
[leftcolumn badness]: 1000000 on 11.04124pt
[rightcolumn badness]: 1000000 on 11.04124pt
[leftcolumn badness]: 1000000 on 11.04124pt
[rightcolumn badness]: 1000000 on 11.04124pt
[leftcolumn badness]: 1000000 on 11.04124pt
[rightcolumn badness]: 1000000 on 11.04124pt
[leftcolumn badness]: 1000000 on 11.04124pt
[rightcolumn badness]: 1000000 on 11.04124pt
[leftcolumn badness]: 1000000 on 11.04124pt
[rightcolumn badness]: 1000000 on 11.04124pt
[leftcolumn badness]: 1000000 on 11.04124pt
[rightcolumn badness]: 1000000 on 11.04124pt
[leftcolumn badness]: 1000000 on 11.04124pt
[rightcolumn badness]: 1000000 on 11.04124pt
[leftcolumn badness]: 1000000 on 11.04124pt
[rightcolumn badness]: 1000000 on 11.04124pt
- LAST -
Extra skip:32.68811pt
Left:385.40231pt/1.50912pt
Right:352.27858pt/1.94475pt
Split: 386.36107pt
Output:386.36107pt
Pageshrink: 0.0pt
Pagestretch: 0.0pt
@colht:679.50104pt
FLUSHEND [output]: 386.36107pt
FLUSHEND [leftcolumn badness]: 10000
FUSHEND [rightcolumn badness]: 10000
 [11]
(./main.aux)
 ***********
LaTeX2e <2023-11-01> patch level 1
L3 programming layer <2024-01-22>
 ***********


LaTeX Warning: Label(s) may have changed. Rerun to get cross-references right.

Package rerunfilecheck Info: File `main.out' has not changed.
(rerunfilecheck)             Checksum: 04851BD04CEE614D0D9BA9A40A5DF47D;7819.
 ) 
Here is how much of TeX's memory you used:
 28773 strings out of 476415
 554927 string characters out of 5792683
 2056627 words of memory out of 5000000
 50165 multiletter control sequences out of 15000+600000
 589605 words of font info for 188 fonts, out of 8000000 for 9000
 268 hyphenation exceptions out of 8191
 99i,12n,101p,17347b,1023s stack positions out of 10000i,1000n,20000p,200000b,200000s

Output written on main.pdf (11 pages).
